># Make sure tracks are saved in the same order.
#^ source.liquidsoap comment.line.number-sign.liquidsoap
# ^^^^^^^^^^^^^^^^^^^^^^^^^^^^^^^^^^^^^^^^^^^^^^ source.liquidsoap comment.line.number-sign.liquidsoap
>def f() =
#^^^ source.liquidsoap keyword.other.function.definition.liquidsoap
#   ^ source.liquidsoap
#    ^ source.liquidsoap entity.name.function.binding.liquidsoap
#     ^ source.liquidsoap
#      ^ source.liquidsoap
#       ^^ source.liquidsoap
>  s = once(single("../media/@ffmpeg[format='mp4',@audio[codec='aac',channels=2],@audio_2[codec='aac',channels=1],@video[codec='libx264'],@video_2[codec='libx264']].mp4"))
#^^ source.liquidsoap
#  ^ source.liquidsoap entity.name.function.binding.liquidsoap
#   ^^ source.liquidsoap
#     ^ source.liquidsoap
#      ^^^^ source.liquidsoap meta.function-call.liquidsoap entity.name.function.liquidsoap
#          ^ source.liquidsoap meta.function-call.liquidsoap
#           ^^^^^^ source.liquidsoap meta.function-call.liquidsoap meta.function-call.liquidsoap entity.name.function.liquidsoap
#                 ^ source.liquidsoap meta.function-call.liquidsoap meta.function-call.liquidsoap
#                  ^ source.liquidsoap meta.function-call.liquidsoap meta.function-call.liquidsoap string.quoted.double.liquidsoap
#                   ^^^^^^^^^^^^^^^^^^^^^^^^^^^^^^^^^^^^^^^^^^^^^^^^^^^^^^^^^^^^^^^^^^^^^^^^^^^^^^^^^^^^^^^^^^^^^^^^^^^^^^^^^^^^^^^^^^^^^^^^^^^^^^^^^^^^^^^^^^^^^^^^^^^^ source.liquidsoap meta.function-call.liquidsoap meta.function-call.liquidsoap string.quoted.double.liquidsoap
#                                                                                                                                                                       ^ source.liquidsoap meta.function-call.liquidsoap meta.function-call.liquidsoap string.quoted.double.liquidsoap
#                                                                                                                                                                        ^ source.liquidsoap meta.function-call.liquidsoap meta.function-call.liquidsoap
#                                                                                                                                                                         ^ source.liquidsoap meta.function-call.liquidsoap
>
>  def on_stop() =
#^^ source.liquidsoap
#  ^^^ source.liquidsoap keyword.other.function.definition.liquidsoap
#     ^ source.liquidsoap
#      ^^^^^^^ source.liquidsoap entity.name.function.binding.liquidsoap
#             ^ source.liquidsoap
#              ^ source.liquidsoap
#               ^^ source.liquidsoap
>    j = process.read("ffprobe -v quiet -print_format json -show_streams ffmpeg-copy-encode.mkv")
#^^^^ source.liquidsoap
#    ^ source.liquidsoap entity.name.function.binding.liquidsoap
#     ^^ source.liquidsoap
#       ^ source.liquidsoap
#        ^^^^^^^ source.liquidsoap variable.liquidsoap
#               ^ source.liquidsoap meta.function-call.liquidsoap
#                ^^^^ source.liquidsoap meta.function-call.liquidsoap entity.name.function.liquidsoap
#                    ^ source.liquidsoap meta.function-call.liquidsoap
#                     ^ source.liquidsoap meta.function-call.liquidsoap string.quoted.double.liquidsoap
#                      ^^^^^^^^^^^^^^^^^^^^^^^^^^^^^^^^^^^^^^^^^^^^^^^^^^^^^^^^^^^^^^^^^^^^^^^^ source.liquidsoap meta.function-call.liquidsoap string.quoted.double.liquidsoap
#                                                                                              ^ source.liquidsoap meta.function-call.liquidsoap string.quoted.double.liquidsoap
#                                                                                               ^ source.liquidsoap meta.function-call.liquidsoap
>
>    let json.parse ( {streams = [s1, s2]}: {
#^^^^ source.liquidsoap
#    ^^^ source.liquidsoap keyword.other.function.declaration.liquidsoap
#       ^ source.liquidsoap
#        ^^^^^^^^^^ source.liquidsoap entity.name.function.binding.liquidsoap
#                  ^ source.liquidsoap
#                   ^^ source.liquidsoap
#                     ^ source.liquidsoap
#                      ^^^^^^^ source.liquidsoap entity.name.method.liquidsoap
#                             ^^ source.liquidsoap
#                               ^^ source.liquidsoap
#                                 ^^ source.liquidsoap variable.liquidsoap
#                                   ^ source.liquidsoap keyword.other.liquidsoap punctuation.comma punctuation.separator.comma
#                                    ^ source.liquidsoap
#                                     ^^ source.liquidsoap variable.liquidsoap
#                                       ^ source.liquidsoap
#                                        ^ source.liquidsoap
#                                         ^ source.liquidsoap meta.type-annotation.liquidsoap keyword.other.cast.liquidsoap
#                                          ^ source.liquidsoap meta.type-annotation.liquidsoap
#                                           ^ source.liquidsoap meta.type-annotation.liquidsoap
>      streams: [{channels?: int}]
#^^^^^^ source.liquidsoap meta.type-annotation.liquidsoap
#      ^^^^^^^ source.liquidsoap meta.type-annotation.liquidsoap entity.name.method.liquidsoap
#             ^ source.liquidsoap meta.type-annotation.liquidsoap
#              ^ source.liquidsoap meta.type-annotation.liquidsoap
#               ^ source.liquidsoap meta.type-annotation.liquidsoap
#                ^ source.liquidsoap meta.type-annotation.liquidsoap
#                 ^^^^^^^^^^^ source.liquidsoap meta.type-annotation.liquidsoap
#                            ^^^ source.liquidsoap meta.type-annotation.liquidsoap storage.type.ground.liquidsoap
#                               ^ source.liquidsoap meta.type-annotation.liquidsoap
#                                ^ source.liquidsoap meta.type-annotation.liquidsoap
>    }) = j
#^^^^ source.liquidsoap meta.type-annotation.liquidsoap
#    ^ source.liquidsoap meta.type-annotation.liquidsoap
#     ^ source.liquidsoap meta.type-annotation.liquidsoap
#      ^^^ source.liquidsoap
#         ^ source.liquidsoap variable.liquidsoap
>
>    if s1.channels != 2 or s2.channels != 1 then
#^^^^ source.liquidsoap
#    ^^ source.liquidsoap keyword.control.liquidsoap
#      ^ source.liquidsoap
#       ^^ source.liquidsoap variable.liquidsoap
#         ^ source.liquidsoap keyword.other.liquidsoap
#          ^^^^^^^^ source.liquidsoap variable.method.liquidsoap
#                  ^ source.liquidsoap
#                   ^^ source.liquidsoap keyword.operator.compare.liquidsoap
#                     ^ source.liquidsoap
#                      ^ source.liquidsoap constant.numeric.decimal.integer.liquidsoap
#                       ^ source.liquidsoap
#                        ^^ source.liquidsoap keyword.operator.boolean.liquidsoap
#                          ^ source.liquidsoap
#                           ^^ source.liquidsoap variable.liquidsoap
#                             ^ source.liquidsoap keyword.other.liquidsoap
#                              ^^^^^^^^ source.liquidsoap variable.method.liquidsoap
#                                      ^ source.liquidsoap
#                                       ^^ source.liquidsoap keyword.operator.compare.liquidsoap
#                                         ^ source.liquidsoap
#                                          ^ source.liquidsoap constant.numeric.decimal.integer.liquidsoap
#                                           ^ source.liquidsoap
#                                            ^^^^ source.liquidsoap keyword.control.liquidsoap
>      test.fail()
#^^^^^^ source.liquidsoap
#      ^^^^ source.liquidsoap variable.liquidsoap
#          ^ source.liquidsoap meta.function-call.liquidsoap
#           ^^^^ source.liquidsoap meta.function-call.liquidsoap entity.name.function.liquidsoap
#               ^ source.liquidsoap meta.function-call.liquidsoap
#                ^ source.liquidsoap meta.function-call.liquidsoap
>    end
#^^^^ source.liquidsoap
#    ^^^ source.liquidsoap keyword.control.liquidsoap
>
>    test.pass()
#^^^^ source.liquidsoap
#    ^^^^ source.liquidsoap variable.liquidsoap
#        ^ source.liquidsoap meta.function-call.liquidsoap
#         ^^^^ source.liquidsoap meta.function-call.liquidsoap entity.name.function.liquidsoap
#             ^ source.liquidsoap meta.function-call.liquidsoap
#              ^ source.liquidsoap meta.function-call.liquidsoap
>  end
#^^ source.liquidsoap
#  ^^^ source.liquidsoap keyword.other.function.end.liquidsoap
>
>  output.file(
#^^ source.liquidsoap
#  ^^^^^^ source.liquidsoap variable.liquidsoap
#        ^ source.liquidsoap meta.function-call.liquidsoap
#         ^^^^ source.liquidsoap meta.function-call.liquidsoap entity.name.function.liquidsoap
#             ^ source.liquidsoap meta.function-call.liquidsoap
>    fallible=true,
#^^^^ source.liquidsoap meta.function-call.liquidsoap
#    ^^^^^^^^ source.liquidsoap meta.function-call.liquidsoap variable.language.arguments.named.liquidsoap
#            ^ source.liquidsoap meta.function-call.liquidsoap
#             ^^^^ source.liquidsoap meta.function-call.liquidsoap constant.language.boolean.liquidsoap
#                 ^ source.liquidsoap meta.function-call.liquidsoap keyword.other.liquidsoap punctuation.comma punctuation.separator.comma
>    on_stop=on_stop,
#^^^^ source.liquidsoap meta.function-call.liquidsoap
#    ^^^^^^^ source.liquidsoap meta.function-call.liquidsoap variable.language.arguments.named.liquidsoap
#           ^ source.liquidsoap meta.function-call.liquidsoap
#            ^^^^^^^ source.liquidsoap meta.function-call.liquidsoap variable.liquidsoap
#                   ^ source.liquidsoap meta.function-call.liquidsoap keyword.other.liquidsoap punctuation.comma punctuation.separator.comma
>    %ffmpeg(
#^^^^ source.liquidsoap meta.function-call.liquidsoap
#    ^ source.liquidsoap meta.function-call.liquidsoap meta.function-call.liquidsoap
#     ^^^^^^ source.liquidsoap meta.function-call.liquidsoap meta.function-call.liquidsoap entity.name.function.liquidsoap
#           ^ source.liquidsoap meta.function-call.liquidsoap meta.function-call.liquidsoap
>      %audio.copy,
#^^^^^^ source.liquidsoap meta.function-call.liquidsoap meta.function-call.liquidsoap
#      ^^^^^^ source.liquidsoap meta.function-call.liquidsoap meta.function-call.liquidsoap variable.encoder.liquidsoap
#            ^ source.liquidsoap meta.function-call.liquidsoap meta.function-call.liquidsoap keyword.other.liquidsoap
#             ^^^^ source.liquidsoap meta.function-call.liquidsoap meta.function-call.liquidsoap variable.method.liquidsoap
#                 ^ source.liquidsoap meta.function-call.liquidsoap meta.function-call.liquidsoap keyword.other.liquidsoap punctuation.comma punctuation.separator.comma
>      %audio_2(
#^^^^^^ source.liquidsoap meta.function-call.liquidsoap meta.function-call.liquidsoap
#      ^ source.liquidsoap meta.function-call.liquidsoap meta.function-call.liquidsoap meta.function-call.liquidsoap
#       ^^^^^^^ source.liquidsoap meta.function-call.liquidsoap meta.function-call.liquidsoap meta.function-call.liquidsoap entity.name.function.liquidsoap
#              ^ source.liquidsoap meta.function-call.liquidsoap meta.function-call.liquidsoap meta.function-call.liquidsoap
>        channels=1,
#^^^^^^^^ source.liquidsoap meta.function-call.liquidsoap meta.function-call.liquidsoap meta.function-call.liquidsoap
#        ^^^^^^^^ source.liquidsoap meta.function-call.liquidsoap meta.function-call.liquidsoap meta.function-call.liquidsoap variable.language.arguments.named.liquidsoap
#                ^ source.liquidsoap meta.function-call.liquidsoap meta.function-call.liquidsoap meta.function-call.liquidsoap
#                 ^ source.liquidsoap meta.function-call.liquidsoap meta.function-call.liquidsoap meta.function-call.liquidsoap constant.numeric.decimal.integer.liquidsoap
#                  ^ source.liquidsoap meta.function-call.liquidsoap meta.function-call.liquidsoap meta.function-call.liquidsoap keyword.other.liquidsoap punctuation.comma punctuation.separator.comma
>        codec="aac"
#^^^^^^^^ source.liquidsoap meta.function-call.liquidsoap meta.function-call.liquidsoap meta.function-call.liquidsoap
#        ^^^^^ source.liquidsoap meta.function-call.liquidsoap meta.function-call.liquidsoap meta.function-call.liquidsoap variable.language.arguments.named.liquidsoap
#             ^ source.liquidsoap meta.function-call.liquidsoap meta.function-call.liquidsoap meta.function-call.liquidsoap
#              ^ source.liquidsoap meta.function-call.liquidsoap meta.function-call.liquidsoap meta.function-call.liquidsoap string.quoted.double.liquidsoap
#               ^^^ source.liquidsoap meta.function-call.liquidsoap meta.function-call.liquidsoap meta.function-call.liquidsoap string.quoted.double.liquidsoap
#                  ^ source.liquidsoap meta.function-call.liquidsoap meta.function-call.liquidsoap meta.function-call.liquidsoap string.quoted.double.liquidsoap
>      ),
#^^^^^^ source.liquidsoap meta.function-call.liquidsoap meta.function-call.liquidsoap meta.function-call.liquidsoap
#      ^ source.liquidsoap meta.function-call.liquidsoap meta.function-call.liquidsoap meta.function-call.liquidsoap
#       ^ source.liquidsoap meta.function-call.liquidsoap meta.function-call.liquidsoap keyword.other.liquidsoap punctuation.comma punctuation.separator.comma
>      %video.copy
#^^^^^^ source.liquidsoap meta.function-call.liquidsoap meta.function-call.liquidsoap
#      ^^^^^^ source.liquidsoap meta.function-call.liquidsoap meta.function-call.liquidsoap variable.encoder.liquidsoap
#            ^ source.liquidsoap meta.function-call.liquidsoap meta.function-call.liquidsoap keyword.other.liquidsoap
#             ^^^^ source.liquidsoap meta.function-call.liquidsoap meta.function-call.liquidsoap variable.method.liquidsoap
>    ),
#^^^^ source.liquidsoap meta.function-call.liquidsoap meta.function-call.liquidsoap
#    ^ source.liquidsoap meta.function-call.liquidsoap meta.function-call.liquidsoap
#     ^ source.liquidsoap meta.function-call.liquidsoap keyword.other.liquidsoap punctuation.comma punctuation.separator.comma
>    "ffmpeg-copy-encode.mkv",
#^^^^ source.liquidsoap meta.function-call.liquidsoap
#    ^ source.liquidsoap meta.function-call.liquidsoap string.quoted.double.liquidsoap
#     ^^^^^^^^^^^^^^^^^^^^^^ source.liquidsoap meta.function-call.liquidsoap string.quoted.double.liquidsoap
#                           ^ source.liquidsoap meta.function-call.liquidsoap string.quoted.double.liquidsoap
#                            ^ source.liquidsoap meta.function-call.liquidsoap keyword.other.liquidsoap punctuation.comma punctuation.separator.comma
>    s
#^^^^ source.liquidsoap meta.function-call.liquidsoap
#    ^ source.liquidsoap meta.function-call.liquidsoap variable.liquidsoap
>  )
#^^ source.liquidsoap meta.function-call.liquidsoap
#  ^ source.liquidsoap meta.function-call.liquidsoap
>end
#^^^ source.liquidsoap keyword.other.function.end.liquidsoap
>
>test.check(f)
#^^^^ source.liquidsoap variable.liquidsoap
#    ^ source.liquidsoap meta.function-call.liquidsoap
#     ^^^^^ source.liquidsoap meta.function-call.liquidsoap entity.name.function.liquidsoap
#          ^ source.liquidsoap meta.function-call.liquidsoap
#           ^ source.liquidsoap meta.function-call.liquidsoap variable.liquidsoap
#            ^ source.liquidsoap meta.function-call.liquidsoap
>