>log.level := 4
#^^^ source.liquidsoap variable.liquidsoap
#   ^ source.liquidsoap keyword.other.liquidsoap
#    ^^^^^ source.liquidsoap variable.method.liquidsoap
#         ^ source.liquidsoap
#          ^^ source.liquidsoap keyword.operator.set.liquidsoap
#            ^ source.liquidsoap
#             ^ source.liquidsoap constant.numeric.decimal.integer.liquidsoap
>settings.decoder.decoders := ["ffmpeg"]
#^^^^^^^^ source.liquidsoap variable.liquidsoap
#        ^ source.liquidsoap keyword.other.liquidsoap
#         ^^^^^^^ source.liquidsoap variable.method.liquidsoap
#                ^ source.liquidsoap keyword.other.liquidsoap
#                 ^^^^^^^^ source.liquidsoap variable.method.liquidsoap
#                         ^ source.liquidsoap
#                          ^^ source.liquidsoap keyword.operator.set.liquidsoap
#                            ^^ source.liquidsoap
#                              ^ source.liquidsoap string.quoted.double.liquidsoap
#                               ^^^^^^ source.liquidsoap string.quoted.double.liquidsoap
#                                     ^ source.liquidsoap string.quoted.double.liquidsoap
#                                      ^^ source.liquidsoap
>
>fname = argv(default="",1)
#^^^^^ source.liquidsoap entity.name.function.binding.liquidsoap
#     ^^ source.liquidsoap
#       ^ source.liquidsoap
#        ^^^^ source.liquidsoap meta.function-call.liquidsoap entity.name.function.liquidsoap
#            ^ source.liquidsoap meta.function-call.liquidsoap
#             ^^^^^^^ source.liquidsoap meta.function-call.liquidsoap variable.language.arguments.named.liquidsoap
#                    ^ source.liquidsoap meta.function-call.liquidsoap
#                     ^ source.liquidsoap meta.function-call.liquidsoap string.quoted.double.liquidsoap
#                      ^ source.liquidsoap meta.function-call.liquidsoap string.quoted.double.liquidsoap
#                       ^ source.liquidsoap meta.function-call.liquidsoap keyword.other.liquidsoap punctuation.comma punctuation.separator.comma
#                        ^ source.liquidsoap meta.function-call.liquidsoap constant.numeric.decimal.integer.liquidsoap
#                         ^ source.liquidsoap meta.function-call.liquidsoap
>fname2 = argv(default="",2)
#^^^^^^ source.liquidsoap entity.name.function.binding.liquidsoap
#      ^^ source.liquidsoap
#        ^ source.liquidsoap
#         ^^^^ source.liquidsoap meta.function-call.liquidsoap entity.name.function.liquidsoap
#             ^ source.liquidsoap meta.function-call.liquidsoap
#              ^^^^^^^ source.liquidsoap meta.function-call.liquidsoap variable.language.arguments.named.liquidsoap
#                     ^ source.liquidsoap meta.function-call.liquidsoap
#                      ^ source.liquidsoap meta.function-call.liquidsoap string.quoted.double.liquidsoap
#                       ^ source.liquidsoap meta.function-call.liquidsoap string.quoted.double.liquidsoap
#                        ^ source.liquidsoap meta.function-call.liquidsoap keyword.other.liquidsoap punctuation.comma punctuation.separator.comma
#                         ^ source.liquidsoap meta.function-call.liquidsoap constant.numeric.decimal.integer.liquidsoap
#                          ^ source.liquidsoap meta.function-call.liquidsoap
>out = "#{fname}+ffmpeg_filter_changing_rate.mp4"
#^^^ source.liquidsoap entity.name.function.binding.liquidsoap
#   ^^ source.liquidsoap
#     ^ source.liquidsoap
#      ^ source.liquidsoap string.quoted.double.liquidsoap
#       ^^ source.liquidsoap string.quoted.double.liquidsoap string.interpolation.liquidsoap
#         ^^^^^ source.liquidsoap string.quoted.double.liquidsoap string.interpolation.liquidsoap variable.liquidsoap
#              ^ source.liquidsoap string.quoted.double.liquidsoap string.interpolation.liquidsoap
#               ^^^^^^^^^^^^^^^^^^^^^^^^^^^^^^^^ source.liquidsoap string.quoted.double.liquidsoap
#                                               ^ source.liquidsoap string.quoted.double.liquidsoap
>
>if file.exists(out) then
#^^ source.liquidsoap keyword.control.liquidsoap
#  ^ source.liquidsoap
#   ^^^^ source.liquidsoap variable.liquidsoap
#       ^ source.liquidsoap meta.function-call.liquidsoap
#        ^^^^^^ source.liquidsoap meta.function-call.liquidsoap entity.name.function.liquidsoap
#              ^ source.liquidsoap meta.function-call.liquidsoap
#               ^^^ source.liquidsoap meta.function-call.liquidsoap variable.liquidsoap
#                  ^ source.liquidsoap meta.function-call.liquidsoap
#                   ^ source.liquidsoap
#                    ^^^^ source.liquidsoap keyword.control.liquidsoap
>  file.remove(out)
#^^ source.liquidsoap
#  ^^^^ source.liquidsoap variable.liquidsoap
#      ^ source.liquidsoap meta.function-call.liquidsoap
#       ^^^^^^ source.liquidsoap meta.function-call.liquidsoap entity.name.function.liquidsoap
#             ^ source.liquidsoap meta.function-call.liquidsoap
#              ^^^ source.liquidsoap meta.function-call.liquidsoap variable.liquidsoap
#                 ^ source.liquidsoap meta.function-call.liquidsoap
>end
#^^^ source.liquidsoap keyword.control.liquidsoap
>
>def f(s) =
#^^^ source.liquidsoap keyword.other.function.definition.liquidsoap
#   ^ source.liquidsoap
#    ^ source.liquidsoap entity.name.function.binding.liquidsoap
#     ^ source.liquidsoap
#      ^ source.liquidsoap variable.liquidsoap
#       ^ source.liquidsoap
#        ^^ source.liquidsoap
>  tracks = source.tracks(s)
#^^ source.liquidsoap
#  ^^^^^^ source.liquidsoap entity.name.function.binding.liquidsoap
#        ^^ source.liquidsoap
#          ^ source.liquidsoap
#           ^^^^^^ source.liquidsoap variable.liquidsoap
#                 ^ source.liquidsoap meta.function-call.liquidsoap
#                  ^^^^^^ source.liquidsoap meta.function-call.liquidsoap entity.name.function.liquidsoap
#                        ^ source.liquidsoap meta.function-call.liquidsoap
#                         ^ source.liquidsoap meta.function-call.liquidsoap variable.liquidsoap
#                          ^ source.liquidsoap meta.function-call.liquidsoap
>  def mkfilter(graph) =
#^^ source.liquidsoap
#  ^^^ source.liquidsoap keyword.other.function.definition.liquidsoap
#     ^ source.liquidsoap
#      ^^^^^^^^ source.liquidsoap entity.name.function.binding.liquidsoap
#              ^ source.liquidsoap
#               ^^^^^ source.liquidsoap variable.liquidsoap
#                    ^ source.liquidsoap
#                     ^^ source.liquidsoap
>    a = ffmpeg.filter.audio.input(graph, tracks.audio)
#^^^^ source.liquidsoap
#    ^ source.liquidsoap entity.name.function.binding.liquidsoap
#     ^^ source.liquidsoap
#       ^ source.liquidsoap
#        ^^^^^^ source.liquidsoap variable.liquidsoap
#              ^ source.liquidsoap keyword.other.liquidsoap
#               ^^^^^^ source.liquidsoap variable.method.liquidsoap
#                     ^ source.liquidsoap keyword.other.liquidsoap
#                      ^^^^^ source.liquidsoap variable.method.liquidsoap
#                           ^ source.liquidsoap meta.function-call.liquidsoap
#                            ^^^^^ source.liquidsoap meta.function-call.liquidsoap entity.name.function.liquidsoap
#                                 ^ source.liquidsoap meta.function-call.liquidsoap
#                                  ^^^^^ source.liquidsoap meta.function-call.liquidsoap variable.liquidsoap
#                                       ^ source.liquidsoap meta.function-call.liquidsoap keyword.other.liquidsoap punctuation.comma punctuation.separator.comma
#                                        ^ source.liquidsoap meta.function-call.liquidsoap
#                                         ^^^^^^ source.liquidsoap meta.function-call.liquidsoap variable.liquidsoap
#                                               ^ source.liquidsoap meta.function-call.liquidsoap keyword.other.liquidsoap
#                                                ^^^^^ source.liquidsoap meta.function-call.liquidsoap variable.method.liquidsoap
#                                                     ^ source.liquidsoap meta.function-call.liquidsoap
>    a = ffmpeg.filter.flanger(graph, a, delay=10.)
#^^^^ source.liquidsoap
#    ^ source.liquidsoap entity.name.function.binding.liquidsoap
#     ^^ source.liquidsoap
#       ^ source.liquidsoap
#        ^^^^^^ source.liquidsoap variable.liquidsoap
#              ^ source.liquidsoap keyword.other.liquidsoap
#               ^^^^^^ source.liquidsoap variable.method.liquidsoap
#                     ^ source.liquidsoap meta.function-call.liquidsoap
#                      ^^^^^^^ source.liquidsoap meta.function-call.liquidsoap entity.name.function.liquidsoap
#                             ^ source.liquidsoap meta.function-call.liquidsoap
#                              ^^^^^ source.liquidsoap meta.function-call.liquidsoap variable.liquidsoap
#                                   ^ source.liquidsoap meta.function-call.liquidsoap keyword.other.liquidsoap punctuation.comma punctuation.separator.comma
#                                    ^ source.liquidsoap meta.function-call.liquidsoap
#                                     ^ source.liquidsoap meta.function-call.liquidsoap variable.liquidsoap
#                                      ^ source.liquidsoap meta.function-call.liquidsoap keyword.other.liquidsoap punctuation.comma punctuation.separator.comma
#                                       ^ source.liquidsoap meta.function-call.liquidsoap
#                                        ^^^^^ source.liquidsoap meta.function-call.liquidsoap variable.language.arguments.named.liquidsoap
#                                             ^ source.liquidsoap meta.function-call.liquidsoap
#                                              ^^ source.liquidsoap meta.function-call.liquidsoap constant.numeric.decimal.integer.liquidsoap
#                                                ^ source.liquidsoap meta.function-call.liquidsoap
#                                                 ^ source.liquidsoap meta.function-call.liquidsoap
>    a = ffmpeg.filter.highpass(graph, a, frequency=4000.)
#^^^^ source.liquidsoap
#    ^ source.liquidsoap entity.name.function.binding.liquidsoap
#     ^^ source.liquidsoap
#       ^ source.liquidsoap
#        ^^^^^^ source.liquidsoap variable.liquidsoap
#              ^ source.liquidsoap keyword.other.liquidsoap
#               ^^^^^^ source.liquidsoap variable.method.liquidsoap
#                     ^ source.liquidsoap meta.function-call.liquidsoap
#                      ^^^^^^^^ source.liquidsoap meta.function-call.liquidsoap entity.name.function.liquidsoap
#                              ^ source.liquidsoap meta.function-call.liquidsoap
#                               ^^^^^ source.liquidsoap meta.function-call.liquidsoap variable.liquidsoap
#                                    ^ source.liquidsoap meta.function-call.liquidsoap keyword.other.liquidsoap punctuation.comma punctuation.separator.comma
#                                     ^ source.liquidsoap meta.function-call.liquidsoap
#                                      ^ source.liquidsoap meta.function-call.liquidsoap variable.liquidsoap
#                                       ^ source.liquidsoap meta.function-call.liquidsoap keyword.other.liquidsoap punctuation.comma punctuation.separator.comma
#                                        ^ source.liquidsoap meta.function-call.liquidsoap
#                                         ^^^^^^^^^ source.liquidsoap meta.function-call.liquidsoap variable.language.arguments.named.liquidsoap
#                                                  ^ source.liquidsoap meta.function-call.liquidsoap
#                                                   ^^^^ source.liquidsoap meta.function-call.liquidsoap constant.numeric.decimal.integer.liquidsoap
#                                                       ^ source.liquidsoap meta.function-call.liquidsoap
#                                                        ^ source.liquidsoap meta.function-call.liquidsoap
>    a = ffmpeg.filter.audio.output(graph, a)
#^^^^ source.liquidsoap
#    ^ source.liquidsoap entity.name.function.binding.liquidsoap
#     ^^ source.liquidsoap
#       ^ source.liquidsoap
#        ^^^^^^ source.liquidsoap variable.liquidsoap
#              ^ source.liquidsoap keyword.other.liquidsoap
#               ^^^^^^ source.liquidsoap variable.method.liquidsoap
#                     ^ source.liquidsoap keyword.other.liquidsoap
#                      ^^^^^ source.liquidsoap variable.method.liquidsoap
#                           ^ source.liquidsoap meta.function-call.liquidsoap
#                            ^^^^^^ source.liquidsoap meta.function-call.liquidsoap entity.name.function.liquidsoap
#                                  ^ source.liquidsoap meta.function-call.liquidsoap
#                                   ^^^^^ source.liquidsoap meta.function-call.liquidsoap variable.liquidsoap
#                                        ^ source.liquidsoap meta.function-call.liquidsoap keyword.other.liquidsoap punctuation.comma punctuation.separator.comma
#                                         ^ source.liquidsoap meta.function-call.liquidsoap
#                                          ^ source.liquidsoap meta.function-call.liquidsoap variable.liquidsoap
#                                           ^ source.liquidsoap meta.function-call.liquidsoap
>
>    v = ffmpeg.filter.video.input(graph, tracks.video)
#^^^^ source.liquidsoap
#    ^ source.liquidsoap entity.name.function.binding.liquidsoap
#     ^^ source.liquidsoap
#       ^ source.liquidsoap
#        ^^^^^^ source.liquidsoap variable.liquidsoap
#              ^ source.liquidsoap keyword.other.liquidsoap
#               ^^^^^^ source.liquidsoap variable.method.liquidsoap
#                     ^ source.liquidsoap keyword.other.liquidsoap
#                      ^^^^^ source.liquidsoap variable.method.liquidsoap
#                           ^ source.liquidsoap meta.function-call.liquidsoap
#                            ^^^^^ source.liquidsoap meta.function-call.liquidsoap entity.name.function.liquidsoap
#                                 ^ source.liquidsoap meta.function-call.liquidsoap
#                                  ^^^^^ source.liquidsoap meta.function-call.liquidsoap variable.liquidsoap
#                                       ^ source.liquidsoap meta.function-call.liquidsoap keyword.other.liquidsoap punctuation.comma punctuation.separator.comma
#                                        ^ source.liquidsoap meta.function-call.liquidsoap
#                                         ^^^^^^ source.liquidsoap meta.function-call.liquidsoap variable.liquidsoap
#                                               ^ source.liquidsoap meta.function-call.liquidsoap keyword.other.liquidsoap
#                                                ^^^^^ source.liquidsoap meta.function-call.liquidsoap variable.method.liquidsoap
#                                                     ^ source.liquidsoap meta.function-call.liquidsoap
>    v = ffmpeg.filter.hflip(graph, v)
#^^^^ source.liquidsoap
#    ^ source.liquidsoap entity.name.function.binding.liquidsoap
#     ^^ source.liquidsoap
#       ^ source.liquidsoap
#        ^^^^^^ source.liquidsoap variable.liquidsoap
#              ^ source.liquidsoap keyword.other.liquidsoap
#               ^^^^^^ source.liquidsoap variable.method.liquidsoap
#                     ^ source.liquidsoap meta.function-call.liquidsoap
#                      ^^^^^ source.liquidsoap meta.function-call.liquidsoap entity.name.function.liquidsoap
#                           ^ source.liquidsoap meta.function-call.liquidsoap
#                            ^^^^^ source.liquidsoap meta.function-call.liquidsoap variable.liquidsoap
#                                 ^ source.liquidsoap meta.function-call.liquidsoap keyword.other.liquidsoap punctuation.comma punctuation.separator.comma
#                                  ^ source.liquidsoap meta.function-call.liquidsoap
#                                   ^ source.liquidsoap meta.function-call.liquidsoap variable.liquidsoap
#                                    ^ source.liquidsoap meta.function-call.liquidsoap
>    v = ffmpeg.filter.video.output(graph, v)
#^^^^ source.liquidsoap
#    ^ source.liquidsoap entity.name.function.binding.liquidsoap
#     ^^ source.liquidsoap
#       ^ source.liquidsoap
#        ^^^^^^ source.liquidsoap variable.liquidsoap
#              ^ source.liquidsoap keyword.other.liquidsoap
#               ^^^^^^ source.liquidsoap variable.method.liquidsoap
#                     ^ source.liquidsoap keyword.other.liquidsoap
#                      ^^^^^ source.liquidsoap variable.method.liquidsoap
#                           ^ source.liquidsoap meta.function-call.liquidsoap
#                            ^^^^^^ source.liquidsoap meta.function-call.liquidsoap entity.name.function.liquidsoap
#                                  ^ source.liquidsoap meta.function-call.liquidsoap
#                                   ^^^^^ source.liquidsoap meta.function-call.liquidsoap variable.liquidsoap
#                                        ^ source.liquidsoap meta.function-call.liquidsoap keyword.other.liquidsoap punctuation.comma punctuation.separator.comma
#                                         ^ source.liquidsoap meta.function-call.liquidsoap
#                                          ^ source.liquidsoap meta.function-call.liquidsoap variable.liquidsoap
#                                           ^ source.liquidsoap meta.function-call.liquidsoap
>
>    source({audio=a, video=v, metadata=track.metadata(a)})
#^^^^ source.liquidsoap
#    ^^^^^^ source.liquidsoap meta.function-call.liquidsoap entity.name.function.liquidsoap
#          ^ source.liquidsoap meta.function-call.liquidsoap
#           ^ source.liquidsoap meta.function-call.liquidsoap
#            ^^^^^ source.liquidsoap meta.function-call.liquidsoap entity.name.method.liquidsoap
#                 ^ source.liquidsoap meta.function-call.liquidsoap
#                  ^ source.liquidsoap meta.function-call.liquidsoap variable.liquidsoap
#                   ^ source.liquidsoap meta.function-call.liquidsoap keyword.other.liquidsoap punctuation.comma punctuation.separator.comma
#                    ^ source.liquidsoap meta.function-call.liquidsoap
#                     ^^^^^ source.liquidsoap meta.function-call.liquidsoap entity.name.method.liquidsoap
#                          ^ source.liquidsoap meta.function-call.liquidsoap
#                           ^ source.liquidsoap meta.function-call.liquidsoap variable.liquidsoap
#                            ^ source.liquidsoap meta.function-call.liquidsoap keyword.other.liquidsoap punctuation.comma punctuation.separator.comma
#                             ^ source.liquidsoap meta.function-call.liquidsoap
#                              ^^^^^^^^ source.liquidsoap meta.function-call.liquidsoap entity.name.method.liquidsoap
#                                      ^ source.liquidsoap meta.function-call.liquidsoap
#                                       ^^^^^ source.liquidsoap meta.function-call.liquidsoap variable.liquidsoap
#                                            ^ source.liquidsoap meta.function-call.liquidsoap meta.function-call.liquidsoap
#                                             ^^^^^^^^ source.liquidsoap meta.function-call.liquidsoap meta.function-call.liquidsoap entity.name.function.liquidsoap
#                                                     ^ source.liquidsoap meta.function-call.liquidsoap meta.function-call.liquidsoap
#                                                      ^ source.liquidsoap meta.function-call.liquidsoap meta.function-call.liquidsoap variable.liquidsoap
#                                                       ^ source.liquidsoap meta.function-call.liquidsoap meta.function-call.liquidsoap
#                                                        ^ source.liquidsoap meta.function-call.liquidsoap
#                                                         ^ source.liquidsoap meta.function-call.liquidsoap
>  end
#^^ source.liquidsoap
#  ^^^ source.liquidsoap keyword.other.function.end.liquidsoap
>
>  ffmpeg.filter.create(mkfilter)
#^^ source.liquidsoap
#  ^^^^^^ source.liquidsoap variable.liquidsoap
#        ^ source.liquidsoap keyword.other.liquidsoap
#         ^^^^^^ source.liquidsoap variable.method.liquidsoap
#               ^ source.liquidsoap meta.function-call.liquidsoap
#                ^^^^^^ source.liquidsoap meta.function-call.liquidsoap entity.name.function.liquidsoap
#                      ^ source.liquidsoap meta.function-call.liquidsoap
#                       ^^^^^^^^ source.liquidsoap meta.function-call.liquidsoap variable.liquidsoap
#                               ^ source.liquidsoap meta.function-call.liquidsoap
>end
#^^^ source.liquidsoap keyword.other.function.end.liquidsoap
>
>s = single(fname)
#^ source.liquidsoap entity.name.function.binding.liquidsoap
# ^^ source.liquidsoap
#   ^ source.liquidsoap
#    ^^^^^^ source.liquidsoap meta.function-call.liquidsoap entity.name.function.liquidsoap
#          ^ source.liquidsoap meta.function-call.liquidsoap
#           ^^^^^ source.liquidsoap meta.function-call.liquidsoap variable.liquidsoap
#                ^ source.liquidsoap meta.function-call.liquidsoap
>s' = single(fname2)
#^^ source.liquidsoap entity.name.function.binding.liquidsoap
#  ^^ source.liquidsoap
#    ^ source.liquidsoap
#     ^^^^^^ source.liquidsoap meta.function-call.liquidsoap entity.name.function.liquidsoap
#           ^ source.liquidsoap meta.function-call.liquidsoap
#            ^^^^^^ source.liquidsoap meta.function-call.liquidsoap variable.liquidsoap
#                  ^ source.liquidsoap meta.function-call.liquidsoap
>
>last = single(id="last",fname)
#^^^^ source.liquidsoap entity.name.function.binding.liquidsoap
#    ^^ source.liquidsoap
#      ^ source.liquidsoap
#       ^^^^^^ source.liquidsoap meta.function-call.liquidsoap entity.name.function.liquidsoap
#             ^ source.liquidsoap meta.function-call.liquidsoap
#              ^^ source.liquidsoap meta.function-call.liquidsoap variable.language.arguments.named.liquidsoap
#                ^ source.liquidsoap meta.function-call.liquidsoap
#                 ^ source.liquidsoap meta.function-call.liquidsoap string.quoted.double.liquidsoap
#                  ^^^^ source.liquidsoap meta.function-call.liquidsoap string.quoted.double.liquidsoap
#                      ^ source.liquidsoap meta.function-call.liquidsoap string.quoted.double.liquidsoap
#                       ^ source.liquidsoap meta.function-call.liquidsoap keyword.other.liquidsoap punctuation.comma punctuation.separator.comma
#                        ^^^^^ source.liquidsoap meta.function-call.liquidsoap variable.liquidsoap
#                             ^ source.liquidsoap meta.function-call.liquidsoap
>last = metadata.map(fun (_) -> [("title","done")], last)
#^^^^ source.liquidsoap entity.name.function.binding.liquidsoap
#    ^^ source.liquidsoap
#      ^ source.liquidsoap
#       ^^^^^^^^ source.liquidsoap variable.liquidsoap
#               ^ source.liquidsoap meta.function-call.liquidsoap
#                ^^^ source.liquidsoap meta.function-call.liquidsoap entity.name.function.liquidsoap
#                   ^ source.liquidsoap meta.function-call.liquidsoap
#                    ^^^ source.liquidsoap meta.function-call.liquidsoap keyword.other.function.definition.anonymous.liquidsoap
#                       ^^ source.liquidsoap meta.function-call.liquidsoap
#                         ^ source.liquidsoap meta.function-call.liquidsoap variable.liquidsoap
#                          ^ source.liquidsoap meta.function-call.liquidsoap
#                           ^ source.liquidsoap meta.function-call.liquidsoap
#                            ^^ source.liquidsoap meta.function-call.liquidsoap keyword.control.function.declaration.liquidsoap
#                              ^^^ source.liquidsoap meta.function-call.liquidsoap
#                                 ^ source.liquidsoap meta.function-call.liquidsoap string.quoted.double.liquidsoap
#                                  ^^^^^ source.liquidsoap meta.function-call.liquidsoap string.quoted.double.liquidsoap
#                                       ^ source.liquidsoap meta.function-call.liquidsoap string.quoted.double.liquidsoap
#                                        ^ source.liquidsoap meta.function-call.liquidsoap keyword.other.liquidsoap punctuation.comma punctuation.separator.comma
#                                         ^ source.liquidsoap meta.function-call.liquidsoap string.quoted.double.liquidsoap
#                                          ^^^^ source.liquidsoap meta.function-call.liquidsoap string.quoted.double.liquidsoap
#                                              ^ source.liquidsoap meta.function-call.liquidsoap string.quoted.double.liquidsoap
#                                               ^ source.liquidsoap meta.function-call.liquidsoap
#                                                ^ source.liquidsoap
#                                                 ^ source.liquidsoap keyword.other.liquidsoap punctuation.comma punctuation.separator.comma
#                                                  ^ source.liquidsoap
#                                                   ^^^^ source.liquidsoap variable.liquidsoap
#                                                       ^^ source.liquidsoap
>
>s = sequence([s,s',s,s',s,last,s,s',s])
#^ source.liquidsoap entity.name.function.binding.liquidsoap
# ^^ source.liquidsoap
#   ^ source.liquidsoap
#    ^^^^^^^^ source.liquidsoap meta.function-call.liquidsoap entity.name.function.liquidsoap
#            ^ source.liquidsoap meta.function-call.liquidsoap
#             ^ source.liquidsoap meta.function-call.liquidsoap
#              ^ source.liquidsoap meta.function-call.liquidsoap variable.liquidsoap
#               ^ source.liquidsoap meta.function-call.liquidsoap keyword.other.liquidsoap punctuation.comma punctuation.separator.comma
#                ^^ source.liquidsoap meta.function-call.liquidsoap variable.liquidsoap
#                  ^ source.liquidsoap meta.function-call.liquidsoap keyword.other.liquidsoap punctuation.comma punctuation.separator.comma
#                   ^ source.liquidsoap meta.function-call.liquidsoap variable.liquidsoap
#                    ^ source.liquidsoap meta.function-call.liquidsoap keyword.other.liquidsoap punctuation.comma punctuation.separator.comma
#                     ^^ source.liquidsoap meta.function-call.liquidsoap variable.liquidsoap
#                       ^ source.liquidsoap meta.function-call.liquidsoap keyword.other.liquidsoap punctuation.comma punctuation.separator.comma
#                        ^ source.liquidsoap meta.function-call.liquidsoap variable.liquidsoap
#                         ^ source.liquidsoap meta.function-call.liquidsoap keyword.other.liquidsoap punctuation.comma punctuation.separator.comma
#                          ^^^^ source.liquidsoap meta.function-call.liquidsoap variable.liquidsoap
#                              ^ source.liquidsoap meta.function-call.liquidsoap keyword.other.liquidsoap punctuation.comma punctuation.separator.comma
#                               ^ source.liquidsoap meta.function-call.liquidsoap variable.liquidsoap
#                                ^ source.liquidsoap meta.function-call.liquidsoap keyword.other.liquidsoap punctuation.comma punctuation.separator.comma
#                                 ^^ source.liquidsoap meta.function-call.liquidsoap variable.liquidsoap
#                                   ^ source.liquidsoap meta.function-call.liquidsoap keyword.other.liquidsoap punctuation.comma punctuation.separator.comma
#                                    ^ source.liquidsoap meta.function-call.liquidsoap variable.liquidsoap
#                                     ^ source.liquidsoap meta.function-call.liquidsoap
#                                      ^ source.liquidsoap meta.function-call.liquidsoap
>
>s = f(s)
#^ source.liquidsoap entity.name.function.binding.liquidsoap
# ^^ source.liquidsoap
#   ^ source.liquidsoap
#    ^ source.liquidsoap meta.function-call.liquidsoap entity.name.function.liquidsoap
#     ^ source.liquidsoap meta.function-call.liquidsoap
#      ^ source.liquidsoap meta.function-call.liquidsoap variable.liquidsoap
#       ^ source.liquidsoap meta.function-call.liquidsoap
>
>done = ref(false)
#^^^^ source.liquidsoap entity.name.function.binding.liquidsoap
#    ^^ source.liquidsoap
#      ^ source.liquidsoap
#       ^^^ source.liquidsoap meta.function-call.liquidsoap entity.name.function.liquidsoap
#          ^ source.liquidsoap meta.function-call.liquidsoap
#           ^^^^^ source.liquidsoap meta.function-call.liquidsoap constant.language.boolean.liquidsoap
#                ^ source.liquidsoap meta.function-call.liquidsoap
>passed = ref(false)
#^^^^^^ source.liquidsoap entity.name.function.binding.liquidsoap
#      ^^ source.liquidsoap
#        ^ source.liquidsoap
#         ^^^ source.liquidsoap meta.function-call.liquidsoap entity.name.function.liquidsoap
#            ^ source.liquidsoap meta.function-call.liquidsoap
#             ^^^^^ source.liquidsoap meta.function-call.liquidsoap constant.language.boolean.liquidsoap
#                  ^ source.liquidsoap meta.function-call.liquidsoap
>
>#clock.assign_new(id='test_clock',sync='none',[s])
#^ source.liquidsoap comment.line.number-sign.liquidsoap
# ^^^^^^^^^^^^^^^^^^^^^^^^^^^^^^^^^^^^^^^^^^^^^^^^^ source.liquidsoap comment.line.number-sign.liquidsoap
>
>def on_done (_) =
#^^^ source.liquidsoap keyword.other.function.definition.liquidsoap
#   ^ source.liquidsoap
#    ^^^^^^^ source.liquidsoap entity.name.function.binding.liquidsoap
#           ^^ source.liquidsoap
#             ^ source.liquidsoap variable.liquidsoap
#              ^ source.liquidsoap
#               ^^ source.liquidsoap
>  if done() and not passed() then
#^^ source.liquidsoap
#  ^^ source.liquidsoap keyword.control.liquidsoap
#    ^ source.liquidsoap
#     ^^^^ source.liquidsoap meta.function-call.liquidsoap entity.name.function.liquidsoap
#         ^ source.liquidsoap meta.function-call.liquidsoap
#          ^ source.liquidsoap meta.function-call.liquidsoap
#           ^ source.liquidsoap
#            ^^^ source.liquidsoap keyword.operator.boolean.liquidsoap
#               ^ source.liquidsoap
#                ^^^ source.liquidsoap keyword.operator.boolean.liquidsoap
#                   ^ source.liquidsoap
#                    ^^^^^^ source.liquidsoap meta.function-call.liquidsoap entity.name.function.liquidsoap
#                          ^ source.liquidsoap meta.function-call.liquidsoap
#                           ^ source.liquidsoap meta.function-call.liquidsoap
#                            ^ source.liquidsoap
#                             ^^^^ source.liquidsoap keyword.control.liquidsoap
>    j = process.read("ffprobe -v quiet -print_format json -show_streams #{process.quote(out)}")
#^^^^ source.liquidsoap
#    ^ source.liquidsoap entity.name.function.binding.liquidsoap
#     ^^ source.liquidsoap
#       ^ source.liquidsoap
#        ^^^^^^^ source.liquidsoap variable.liquidsoap
#               ^ source.liquidsoap meta.function-call.liquidsoap
#                ^^^^ source.liquidsoap meta.function-call.liquidsoap entity.name.function.liquidsoap
#                    ^ source.liquidsoap meta.function-call.liquidsoap
#                     ^ source.liquidsoap meta.function-call.liquidsoap string.quoted.double.liquidsoap
#                      ^^^^^^^^^^^^^^^^^^^^^^^^^^^^^^^^^^^^^^^^^^^^^^^^^^ source.liquidsoap meta.function-call.liquidsoap string.quoted.double.liquidsoap
#                                                                        ^^ source.liquidsoap meta.function-call.liquidsoap string.quoted.double.liquidsoap string.interpolation.liquidsoap
#                                                                          ^^^^^^^ source.liquidsoap meta.function-call.liquidsoap string.quoted.double.liquidsoap string.interpolation.liquidsoap variable.liquidsoap
#                                                                                 ^ source.liquidsoap meta.function-call.liquidsoap string.quoted.double.liquidsoap string.interpolation.liquidsoap meta.function-call.liquidsoap
#                                                                                  ^^^^^ source.liquidsoap meta.function-call.liquidsoap string.quoted.double.liquidsoap string.interpolation.liquidsoap meta.function-call.liquidsoap entity.name.function.liquidsoap
#                                                                                       ^ source.liquidsoap meta.function-call.liquidsoap string.quoted.double.liquidsoap string.interpolation.liquidsoap meta.function-call.liquidsoap
#                                                                                        ^^^ source.liquidsoap meta.function-call.liquidsoap string.quoted.double.liquidsoap string.interpolation.liquidsoap meta.function-call.liquidsoap variable.liquidsoap
#                                                                                           ^ source.liquidsoap meta.function-call.liquidsoap string.quoted.double.liquidsoap string.interpolation.liquidsoap meta.function-call.liquidsoap
#                                                                                            ^ source.liquidsoap meta.function-call.liquidsoap string.quoted.double.liquidsoap string.interpolation.liquidsoap
#                                                                                             ^ source.liquidsoap meta.function-call.liquidsoap string.quoted.double.liquidsoap
#                                                                                              ^ source.liquidsoap meta.function-call.liquidsoap
>
>    let json.parse ( parsed : {
#^^^^ source.liquidsoap
#    ^^^ source.liquidsoap keyword.other.function.declaration.liquidsoap
#       ^ source.liquidsoap
#        ^^^^^^^^^^ source.liquidsoap entity.name.function.binding.liquidsoap
#                  ^ source.liquidsoap
#                   ^^ source.liquidsoap
#                     ^^^^^^ source.liquidsoap variable.liquidsoap
#                           ^ source.liquidsoap
#                            ^ source.liquidsoap meta.type-annotation.liquidsoap keyword.other.cast.liquidsoap
#                             ^ source.liquidsoap meta.type-annotation.liquidsoap
#                              ^ source.liquidsoap meta.type-annotation.liquidsoap
>      streams: [{
#^^^^^^ source.liquidsoap meta.type-annotation.liquidsoap
#      ^^^^^^^ source.liquidsoap meta.type-annotation.liquidsoap entity.name.method.liquidsoap
#             ^ source.liquidsoap meta.type-annotation.liquidsoap
#              ^ source.liquidsoap meta.type-annotation.liquidsoap
#               ^ source.liquidsoap meta.type-annotation.liquidsoap
#                ^ source.liquidsoap meta.type-annotation.liquidsoap
>        channel_layout: string?,
#^^^^^^^^ source.liquidsoap meta.type-annotation.liquidsoap
#        ^^^^^^^^^^^^^^ source.liquidsoap meta.type-annotation.liquidsoap entity.name.method.liquidsoap
#                      ^ source.liquidsoap meta.type-annotation.liquidsoap
#                       ^ source.liquidsoap meta.type-annotation.liquidsoap
#                        ^^^^^^ source.liquidsoap meta.type-annotation.liquidsoap storage.type.ground.liquidsoap
#                              ^ source.liquidsoap meta.type-annotation.liquidsoap keyword.other.liquidsoap
#                               ^ source.liquidsoap meta.type-annotation.liquidsoap keyword.other.liquidsoap punctuation.comma punctuation.separator.comma
>        sample_rate: string?,
#^^^^^^^^ source.liquidsoap meta.type-annotation.liquidsoap
#        ^^^^^^^^^^^ source.liquidsoap meta.type-annotation.liquidsoap entity.name.method.liquidsoap
#                   ^ source.liquidsoap meta.type-annotation.liquidsoap
#                    ^ source.liquidsoap meta.type-annotation.liquidsoap
#                     ^^^^^^ source.liquidsoap meta.type-annotation.liquidsoap storage.type.ground.liquidsoap
#                           ^ source.liquidsoap meta.type-annotation.liquidsoap keyword.other.liquidsoap
#                            ^ source.liquidsoap meta.type-annotation.liquidsoap keyword.other.liquidsoap punctuation.comma punctuation.separator.comma
>        sample_fmt: string?,
#^^^^^^^^ source.liquidsoap meta.type-annotation.liquidsoap
#        ^^^^^^^^^^ source.liquidsoap meta.type-annotation.liquidsoap entity.name.method.liquidsoap
#                  ^ source.liquidsoap meta.type-annotation.liquidsoap
#                   ^ source.liquidsoap meta.type-annotation.liquidsoap
#                    ^^^^^^ source.liquidsoap meta.type-annotation.liquidsoap storage.type.ground.liquidsoap
#                          ^ source.liquidsoap meta.type-annotation.liquidsoap keyword.other.liquidsoap
#                           ^ source.liquidsoap meta.type-annotation.liquidsoap keyword.other.liquidsoap punctuation.comma punctuation.separator.comma
>        codec_name: string?,
#^^^^^^^^ source.liquidsoap meta.type-annotation.liquidsoap
#        ^^^^^^^^^^ source.liquidsoap meta.type-annotation.liquidsoap entity.name.method.liquidsoap
#                  ^ source.liquidsoap meta.type-annotation.liquidsoap
#                   ^ source.liquidsoap meta.type-annotation.liquidsoap
#                    ^^^^^^ source.liquidsoap meta.type-annotation.liquidsoap storage.type.ground.liquidsoap
#                          ^ source.liquidsoap meta.type-annotation.liquidsoap keyword.other.liquidsoap
#                           ^ source.liquidsoap meta.type-annotation.liquidsoap keyword.other.liquidsoap punctuation.comma punctuation.separator.comma
>        pix_fmt: string?
#^^^^^^^^ source.liquidsoap meta.type-annotation.liquidsoap
#        ^^^^^^^ source.liquidsoap meta.type-annotation.liquidsoap entity.name.method.liquidsoap
#               ^ source.liquidsoap meta.type-annotation.liquidsoap
#                ^ source.liquidsoap meta.type-annotation.liquidsoap
#                 ^^^^^^ source.liquidsoap meta.type-annotation.liquidsoap storage.type.ground.liquidsoap
#                       ^ source.liquidsoap meta.type-annotation.liquidsoap keyword.other.liquidsoap
>      }]
#^^^^^^ source.liquidsoap meta.type-annotation.liquidsoap
#      ^ source.liquidsoap meta.type-annotation.liquidsoap
#       ^ source.liquidsoap meta.type-annotation.liquidsoap
>    }) = j
#^^^^ source.liquidsoap meta.type-annotation.liquidsoap
#    ^ source.liquidsoap meta.type-annotation.liquidsoap
#     ^ source.liquidsoap meta.type-annotation.liquidsoap
#      ^^^ source.liquidsoap
#         ^ source.liquidsoap variable.liquidsoap
>
>    video_stream = list.find((fun (stream) -> null.defined(stream.pix_fmt)), parsed.streams)
#^^^^ source.liquidsoap
#    ^^^^^^^^^^^^ source.liquidsoap entity.name.function.binding.liquidsoap
#                ^^ source.liquidsoap
#                  ^ source.liquidsoap
#                   ^^^^ source.liquidsoap variable.liquidsoap
#                       ^ source.liquidsoap meta.function-call.liquidsoap
#                        ^^^^ source.liquidsoap meta.function-call.liquidsoap entity.name.function.liquidsoap
#                            ^ source.liquidsoap meta.function-call.liquidsoap
#                             ^ source.liquidsoap meta.function-call.liquidsoap
#                              ^^^ source.liquidsoap meta.function-call.liquidsoap keyword.other.function.definition.anonymous.liquidsoap
#                                 ^^ source.liquidsoap meta.function-call.liquidsoap
#                                   ^^^^^^ source.liquidsoap meta.function-call.liquidsoap variable.liquidsoap
#                                         ^ source.liquidsoap meta.function-call.liquidsoap
#                                          ^ source.liquidsoap meta.function-call.liquidsoap
#                                           ^^ source.liquidsoap meta.function-call.liquidsoap keyword.control.function.declaration.liquidsoap
#                                             ^ source.liquidsoap meta.function-call.liquidsoap
#                                              ^^^^ source.liquidsoap meta.function-call.liquidsoap variable.liquidsoap
#                                                  ^ source.liquidsoap meta.function-call.liquidsoap meta.function-call.liquidsoap
#                                                   ^^^^^^^ source.liquidsoap meta.function-call.liquidsoap meta.function-call.liquidsoap entity.name.function.liquidsoap
#                                                          ^ source.liquidsoap meta.function-call.liquidsoap meta.function-call.liquidsoap
#                                                           ^^^^^^ source.liquidsoap meta.function-call.liquidsoap meta.function-call.liquidsoap variable.liquidsoap
#                                                                 ^ source.liquidsoap meta.function-call.liquidsoap meta.function-call.liquidsoap keyword.other.liquidsoap
#                                                                  ^^^^^^^ source.liquidsoap meta.function-call.liquidsoap meta.function-call.liquidsoap variable.method.liquidsoap
#                                                                         ^ source.liquidsoap meta.function-call.liquidsoap meta.function-call.liquidsoap
#                                                                          ^ source.liquidsoap meta.function-call.liquidsoap
#                                                                           ^ source.liquidsoap keyword.other.liquidsoap punctuation.comma punctuation.separator.comma
#                                                                            ^ source.liquidsoap
#                                                                             ^^^^^^ source.liquidsoap variable.liquidsoap
#                                                                                   ^ source.liquidsoap keyword.other.liquidsoap
#                                                                                    ^^^^^^^ source.liquidsoap variable.method.liquidsoap
#                                                                                           ^^ source.liquidsoap
>    audio_stream = list.find((fun (stream) -> null.defined(stream.sample_rate)), parsed.streams)
#^^^^ source.liquidsoap
#    ^^^^^^^^^^^^ source.liquidsoap entity.name.function.binding.liquidsoap
#                ^^ source.liquidsoap
#                  ^ source.liquidsoap
#                   ^^^^ source.liquidsoap variable.liquidsoap
#                       ^ source.liquidsoap meta.function-call.liquidsoap
#                        ^^^^ source.liquidsoap meta.function-call.liquidsoap entity.name.function.liquidsoap
#                            ^ source.liquidsoap meta.function-call.liquidsoap
#                             ^ source.liquidsoap meta.function-call.liquidsoap
#                              ^^^ source.liquidsoap meta.function-call.liquidsoap keyword.other.function.definition.anonymous.liquidsoap
#                                 ^^ source.liquidsoap meta.function-call.liquidsoap
#                                   ^^^^^^ source.liquidsoap meta.function-call.liquidsoap variable.liquidsoap
#                                         ^ source.liquidsoap meta.function-call.liquidsoap
#                                          ^ source.liquidsoap meta.function-call.liquidsoap
#                                           ^^ source.liquidsoap meta.function-call.liquidsoap keyword.control.function.declaration.liquidsoap
#                                             ^ source.liquidsoap meta.function-call.liquidsoap
#                                              ^^^^ source.liquidsoap meta.function-call.liquidsoap variable.liquidsoap
#                                                  ^ source.liquidsoap meta.function-call.liquidsoap meta.function-call.liquidsoap
#                                                   ^^^^^^^ source.liquidsoap meta.function-call.liquidsoap meta.function-call.liquidsoap entity.name.function.liquidsoap
#                                                          ^ source.liquidsoap meta.function-call.liquidsoap meta.function-call.liquidsoap
#                                                           ^^^^^^ source.liquidsoap meta.function-call.liquidsoap meta.function-call.liquidsoap variable.liquidsoap
#                                                                 ^ source.liquidsoap meta.function-call.liquidsoap meta.function-call.liquidsoap keyword.other.liquidsoap
#                                                                  ^^^^^^^^^^^ source.liquidsoap meta.function-call.liquidsoap meta.function-call.liquidsoap variable.method.liquidsoap
#                                                                             ^ source.liquidsoap meta.function-call.liquidsoap meta.function-call.liquidsoap
#                                                                              ^ source.liquidsoap meta.function-call.liquidsoap
#                                                                               ^ source.liquidsoap keyword.other.liquidsoap punctuation.comma punctuation.separator.comma
#                                                                                ^ source.liquidsoap
#                                                                                 ^^^^^^ source.liquidsoap variable.liquidsoap
#                                                                                       ^ source.liquidsoap keyword.other.liquidsoap
#                                                                                        ^^^^^^^ source.liquidsoap variable.method.liquidsoap
#                                                                                               ^^ source.liquidsoap
>
>    if null.get(video_stream.codec_name) == "h264" and
#^^^^ source.liquidsoap
#    ^^ source.liquidsoap keyword.control.liquidsoap
#      ^ source.liquidsoap
#       ^^^^ source.liquidsoap variable.liquidsoap
#           ^ source.liquidsoap meta.function-call.liquidsoap
#            ^^^ source.liquidsoap meta.function-call.liquidsoap entity.name.function.liquidsoap
#               ^ source.liquidsoap meta.function-call.liquidsoap
#                ^^^^^^^^^^^^ source.liquidsoap meta.function-call.liquidsoap variable.liquidsoap
#                            ^ source.liquidsoap meta.function-call.liquidsoap keyword.other.liquidsoap
#                             ^^^^^^^^^^ source.liquidsoap meta.function-call.liquidsoap variable.method.liquidsoap
#                                       ^ source.liquidsoap meta.function-call.liquidsoap
#                                        ^ source.liquidsoap
#                                         ^^ source.liquidsoap keyword.operator.compare.liquidsoap
#                                           ^ source.liquidsoap
#                                            ^ source.liquidsoap string.quoted.double.liquidsoap
#                                             ^^^^ source.liquidsoap string.quoted.double.liquidsoap
#                                                 ^ source.liquidsoap string.quoted.double.liquidsoap
#                                                  ^ source.liquidsoap
#                                                   ^^^ source.liquidsoap keyword.operator.boolean.liquidsoap
>       null.get(video_stream.pix_fmt) == "yuv420p" and
#^^^^^^^ source.liquidsoap
#       ^^^^ source.liquidsoap variable.liquidsoap
#           ^ source.liquidsoap meta.function-call.liquidsoap
#            ^^^ source.liquidsoap meta.function-call.liquidsoap entity.name.function.liquidsoap
#               ^ source.liquidsoap meta.function-call.liquidsoap
#                ^^^^^^^^^^^^ source.liquidsoap meta.function-call.liquidsoap variable.liquidsoap
#                            ^ source.liquidsoap meta.function-call.liquidsoap keyword.other.liquidsoap
#                             ^^^^^^^ source.liquidsoap meta.function-call.liquidsoap variable.method.liquidsoap
#                                    ^ source.liquidsoap meta.function-call.liquidsoap
#                                     ^ source.liquidsoap
#                                      ^^ source.liquidsoap keyword.operator.compare.liquidsoap
#                                        ^ source.liquidsoap
#                                         ^ source.liquidsoap string.quoted.double.liquidsoap
#                                          ^^^^^^^ source.liquidsoap string.quoted.double.liquidsoap
#                                                 ^ source.liquidsoap string.quoted.double.liquidsoap
#                                                  ^ source.liquidsoap
#                                                   ^^^ source.liquidsoap keyword.operator.boolean.liquidsoap
>       null.get(audio_stream.channel_layout) == "stereo" and
#^^^^^^^ source.liquidsoap
#       ^^^^ source.liquidsoap variable.liquidsoap
#           ^ source.liquidsoap meta.function-call.liquidsoap
#            ^^^ source.liquidsoap meta.function-call.liquidsoap entity.name.function.liquidsoap
#               ^ source.liquidsoap meta.function-call.liquidsoap
#                ^^^^^^^^^^^^ source.liquidsoap meta.function-call.liquidsoap variable.liquidsoap
#                            ^ source.liquidsoap meta.function-call.liquidsoap keyword.other.liquidsoap
#                             ^^^^^^^^^^^^^^ source.liquidsoap meta.function-call.liquidsoap variable.method.liquidsoap
#                                           ^ source.liquidsoap meta.function-call.liquidsoap
#                                            ^ source.liquidsoap
#                                             ^^ source.liquidsoap keyword.operator.compare.liquidsoap
#                                               ^ source.liquidsoap
#                                                ^ source.liquidsoap string.quoted.double.liquidsoap
#                                                 ^^^^^^ source.liquidsoap string.quoted.double.liquidsoap
#                                                       ^ source.liquidsoap string.quoted.double.liquidsoap
#                                                        ^ source.liquidsoap
#                                                         ^^^ source.liquidsoap keyword.operator.boolean.liquidsoap
>       null.get(audio_stream.codec_name) == "aac" and
#^^^^^^^ source.liquidsoap
#       ^^^^ source.liquidsoap variable.liquidsoap
#           ^ source.liquidsoap meta.function-call.liquidsoap
#            ^^^ source.liquidsoap meta.function-call.liquidsoap entity.name.function.liquidsoap
#               ^ source.liquidsoap meta.function-call.liquidsoap
#                ^^^^^^^^^^^^ source.liquidsoap meta.function-call.liquidsoap variable.liquidsoap
#                            ^ source.liquidsoap meta.function-call.liquidsoap keyword.other.liquidsoap
#                             ^^^^^^^^^^ source.liquidsoap meta.function-call.liquidsoap variable.method.liquidsoap
#                                       ^ source.liquidsoap meta.function-call.liquidsoap
#                                        ^ source.liquidsoap
#                                         ^^ source.liquidsoap keyword.operator.compare.liquidsoap
#                                           ^ source.liquidsoap
#                                            ^ source.liquidsoap string.quoted.double.liquidsoap
#                                             ^^^ source.liquidsoap string.quoted.double.liquidsoap
#                                                ^ source.liquidsoap string.quoted.double.liquidsoap
#                                                 ^ source.liquidsoap
#                                                  ^^^ source.liquidsoap keyword.operator.boolean.liquidsoap
>       null.get(audio_stream.sample_fmt) == "fltp" and
#^^^^^^^ source.liquidsoap
#       ^^^^ source.liquidsoap variable.liquidsoap
#           ^ source.liquidsoap meta.function-call.liquidsoap
#            ^^^ source.liquidsoap meta.function-call.liquidsoap entity.name.function.liquidsoap
#               ^ source.liquidsoap meta.function-call.liquidsoap
#                ^^^^^^^^^^^^ source.liquidsoap meta.function-call.liquidsoap variable.liquidsoap
#                            ^ source.liquidsoap meta.function-call.liquidsoap keyword.other.liquidsoap
#                             ^^^^^^^^^^ source.liquidsoap meta.function-call.liquidsoap variable.method.liquidsoap
#                                       ^ source.liquidsoap meta.function-call.liquidsoap
#                                        ^ source.liquidsoap
#                                         ^^ source.liquidsoap keyword.operator.compare.liquidsoap
#                                           ^ source.liquidsoap
#                                            ^ source.liquidsoap string.quoted.double.liquidsoap
#                                             ^^^^ source.liquidsoap string.quoted.double.liquidsoap
#                                                 ^ source.liquidsoap string.quoted.double.liquidsoap
#                                                  ^ source.liquidsoap
#                                                   ^^^ source.liquidsoap keyword.operator.boolean.liquidsoap
>       null.get(audio_stream.sample_rate) == "44100" then
#^^^^^^^ source.liquidsoap
#       ^^^^ source.liquidsoap variable.liquidsoap
#           ^ source.liquidsoap meta.function-call.liquidsoap
#            ^^^ source.liquidsoap meta.function-call.liquidsoap entity.name.function.liquidsoap
#               ^ source.liquidsoap meta.function-call.liquidsoap
#                ^^^^^^^^^^^^ source.liquidsoap meta.function-call.liquidsoap variable.liquidsoap
#                            ^ source.liquidsoap meta.function-call.liquidsoap keyword.other.liquidsoap
#                             ^^^^^^^^^^^ source.liquidsoap meta.function-call.liquidsoap variable.method.liquidsoap
#                                        ^ source.liquidsoap meta.function-call.liquidsoap
#                                         ^ source.liquidsoap
#                                          ^^ source.liquidsoap keyword.operator.compare.liquidsoap
#                                            ^ source.liquidsoap
#                                             ^ source.liquidsoap string.quoted.double.liquidsoap
#                                              ^^^^^ source.liquidsoap string.quoted.double.liquidsoap
#                                                   ^ source.liquidsoap string.quoted.double.liquidsoap
#                                                    ^ source.liquidsoap
#                                                     ^^^^ source.liquidsoap keyword.control.liquidsoap
>      passed := true
#^^^^^^ source.liquidsoap
#      ^^^^^^ source.liquidsoap variable.liquidsoap
#            ^ source.liquidsoap
#             ^^ source.liquidsoap keyword.operator.set.liquidsoap
#               ^ source.liquidsoap
#                ^^^^ source.liquidsoap constant.language.boolean.liquidsoap
>      test.pass()
#^^^^^^ source.liquidsoap
#      ^^^^ source.liquidsoap variable.liquidsoap
#          ^ source.liquidsoap meta.function-call.liquidsoap
#           ^^^^ source.liquidsoap meta.function-call.liquidsoap entity.name.function.liquidsoap
#               ^ source.liquidsoap meta.function-call.liquidsoap
#                ^ source.liquidsoap meta.function-call.liquidsoap
>    else
#^^^^ source.liquidsoap
#    ^^^^ source.liquidsoap keyword.control.liquidsoap
>      test.fail()
#^^^^^^ source.liquidsoap
#      ^^^^ source.liquidsoap variable.liquidsoap
#          ^ source.liquidsoap meta.function-call.liquidsoap
#           ^^^^ source.liquidsoap meta.function-call.liquidsoap entity.name.function.liquidsoap
#               ^ source.liquidsoap meta.function-call.liquidsoap
#                ^ source.liquidsoap meta.function-call.liquidsoap
>    end
#^^^^ source.liquidsoap
#    ^^^ source.liquidsoap keyword.control.liquidsoap
>  end
#^^ source.liquidsoap
#  ^^^ source.liquidsoap keyword.control.liquidsoap
>end
#^^^ source.liquidsoap keyword.other.function.end.liquidsoap
>
>def reopen_on_metadata(metadata) =
#^^^ source.liquidsoap keyword.other.function.definition.liquidsoap
#   ^ source.liquidsoap
#    ^^^^^^^^^^^^^^^^^^ source.liquidsoap entity.name.function.binding.liquidsoap
#                      ^ source.liquidsoap
#                       ^^^^^^^^ source.liquidsoap variable.liquidsoap
#                               ^ source.liquidsoap
#                                ^^ source.liquidsoap
>  if metadata["title"] == "done" then begin
#^^ source.liquidsoap
#  ^^ source.liquidsoap keyword.control.liquidsoap
#    ^ source.liquidsoap
#     ^^^^^^^^ source.liquidsoap variable.liquidsoap
#             ^ source.liquidsoap
#              ^ source.liquidsoap string.quoted.double.liquidsoap
#               ^^^^^ source.liquidsoap string.quoted.double.liquidsoap
#                    ^ source.liquidsoap string.quoted.double.liquidsoap
#                     ^^ source.liquidsoap
#                       ^^ source.liquidsoap keyword.operator.compare.liquidsoap
#                         ^ source.liquidsoap
#                          ^ source.liquidsoap string.quoted.double.liquidsoap
#                           ^^^^ source.liquidsoap string.quoted.double.liquidsoap
#                               ^ source.liquidsoap string.quoted.double.liquidsoap
#                                ^ source.liquidsoap
#                                 ^^^^ source.liquidsoap keyword.control.liquidsoap
#                                     ^ source.liquidsoap
#                                      ^^^^^ source.liquidsoap keyword.control.liquidsoap
>    done := true
#^^^^ source.liquidsoap
#    ^^^^ source.liquidsoap variable.liquidsoap
#        ^ source.liquidsoap
#         ^^ source.liquidsoap keyword.operator.set.liquidsoap
#           ^ source.liquidsoap
#            ^^^^ source.liquidsoap constant.language.boolean.liquidsoap
>    true
#^^^^ source.liquidsoap
#    ^^^^ source.liquidsoap constant.language.boolean.liquidsoap
>  end else false end
#^^ source.liquidsoap
#  ^^^ source.liquidsoap keyword.control.liquidsoap
#     ^ source.liquidsoap
#      ^^^^ source.liquidsoap keyword.control.liquidsoap
#          ^ source.liquidsoap
#           ^^^^^ source.liquidsoap constant.language.boolean.liquidsoap
#                ^ source.liquidsoap
#                 ^^^ source.liquidsoap keyword.control.liquidsoap
>end
#^^^ source.liquidsoap keyword.other.function.end.liquidsoap
>
>output.file(
#^^^^^^ source.liquidsoap variable.liquidsoap
#      ^ source.liquidsoap meta.function-call.liquidsoap
#       ^^^^ source.liquidsoap meta.function-call.liquidsoap entity.name.function.liquidsoap
#           ^ source.liquidsoap meta.function-call.liquidsoap
>  fallible=true,
#^^ source.liquidsoap meta.function-call.liquidsoap
#  ^^^^^^^^ source.liquidsoap meta.function-call.liquidsoap variable.language.arguments.named.liquidsoap
#          ^ source.liquidsoap meta.function-call.liquidsoap
#           ^^^^ source.liquidsoap meta.function-call.liquidsoap constant.language.boolean.liquidsoap
#               ^ source.liquidsoap meta.function-call.liquidsoap keyword.other.liquidsoap punctuation.comma punctuation.separator.comma
>  reopen_on_metadata=reopen_on_metadata,
#^^ source.liquidsoap meta.function-call.liquidsoap
#  ^^^^^^^^^^^^^^^^^^ source.liquidsoap meta.function-call.liquidsoap variable.language.arguments.named.liquidsoap
#                    ^ source.liquidsoap meta.function-call.liquidsoap
#                     ^^^^^^^^^^^^^^^^^^ source.liquidsoap meta.function-call.liquidsoap variable.liquidsoap
#                                       ^ source.liquidsoap meta.function-call.liquidsoap keyword.other.liquidsoap punctuation.comma punctuation.separator.comma
>  on_close=on_done,
#^^ source.liquidsoap meta.function-call.liquidsoap
#  ^^^^^^^^ source.liquidsoap meta.function-call.liquidsoap variable.language.arguments.named.liquidsoap
#          ^ source.liquidsoap meta.function-call.liquidsoap
#           ^^^^^^^ source.liquidsoap meta.function-call.liquidsoap variable.liquidsoap
#                  ^ source.liquidsoap meta.function-call.liquidsoap keyword.other.liquidsoap punctuation.comma punctuation.separator.comma
>  %ffmpeg(
#^^ source.liquidsoap meta.function-call.liquidsoap
#  ^ source.liquidsoap meta.function-call.liquidsoap meta.function-call.liquidsoap
#   ^^^^^^ source.liquidsoap meta.function-call.liquidsoap meta.function-call.liquidsoap entity.name.function.liquidsoap
#         ^ source.liquidsoap meta.function-call.liquidsoap meta.function-call.liquidsoap
>    format="mp4",
#^^^^ source.liquidsoap meta.function-call.liquidsoap meta.function-call.liquidsoap
#    ^^^^^^ source.liquidsoap meta.function-call.liquidsoap meta.function-call.liquidsoap variable.language.arguments.named.liquidsoap
#          ^ source.liquidsoap meta.function-call.liquidsoap meta.function-call.liquidsoap
#           ^ source.liquidsoap meta.function-call.liquidsoap meta.function-call.liquidsoap string.quoted.double.liquidsoap
#            ^^^ source.liquidsoap meta.function-call.liquidsoap meta.function-call.liquidsoap string.quoted.double.liquidsoap
#               ^ source.liquidsoap meta.function-call.liquidsoap meta.function-call.liquidsoap string.quoted.double.liquidsoap
#                ^ source.liquidsoap meta.function-call.liquidsoap meta.function-call.liquidsoap keyword.other.liquidsoap punctuation.comma punctuation.separator.comma
>    %audio.raw(codec="aac"),
#^^^^ source.liquidsoap meta.function-call.liquidsoap meta.function-call.liquidsoap
#    ^^^^^^ source.liquidsoap meta.function-call.liquidsoap meta.function-call.liquidsoap variable.encoder.liquidsoap
#          ^ source.liquidsoap meta.function-call.liquidsoap meta.function-call.liquidsoap meta.function-call.liquidsoap
#           ^^^ source.liquidsoap meta.function-call.liquidsoap meta.function-call.liquidsoap meta.function-call.liquidsoap entity.name.function.liquidsoap
#              ^ source.liquidsoap meta.function-call.liquidsoap meta.function-call.liquidsoap meta.function-call.liquidsoap
#               ^^^^^ source.liquidsoap meta.function-call.liquidsoap meta.function-call.liquidsoap meta.function-call.liquidsoap variable.language.arguments.named.liquidsoap
#                    ^ source.liquidsoap meta.function-call.liquidsoap meta.function-call.liquidsoap meta.function-call.liquidsoap
#                     ^ source.liquidsoap meta.function-call.liquidsoap meta.function-call.liquidsoap meta.function-call.liquidsoap string.quoted.double.liquidsoap
#                      ^^^ source.liquidsoap meta.function-call.liquidsoap meta.function-call.liquidsoap meta.function-call.liquidsoap string.quoted.double.liquidsoap
#                         ^ source.liquidsoap meta.function-call.liquidsoap meta.function-call.liquidsoap meta.function-call.liquidsoap string.quoted.double.liquidsoap
#                          ^ source.liquidsoap meta.function-call.liquidsoap meta.function-call.liquidsoap meta.function-call.liquidsoap
#                           ^ source.liquidsoap meta.function-call.liquidsoap meta.function-call.liquidsoap keyword.other.liquidsoap punctuation.comma punctuation.separator.comma
>    %video.raw(codec="libx264")
#^^^^ source.liquidsoap meta.function-call.liquidsoap meta.function-call.liquidsoap
#    ^^^^^^ source.liquidsoap meta.function-call.liquidsoap meta.function-call.liquidsoap variable.encoder.liquidsoap
#          ^ source.liquidsoap meta.function-call.liquidsoap meta.function-call.liquidsoap meta.function-call.liquidsoap
#           ^^^ source.liquidsoap meta.function-call.liquidsoap meta.function-call.liquidsoap meta.function-call.liquidsoap entity.name.function.liquidsoap
#              ^ source.liquidsoap meta.function-call.liquidsoap meta.function-call.liquidsoap meta.function-call.liquidsoap
#               ^^^^^ source.liquidsoap meta.function-call.liquidsoap meta.function-call.liquidsoap meta.function-call.liquidsoap variable.language.arguments.named.liquidsoap
#                    ^ source.liquidsoap meta.function-call.liquidsoap meta.function-call.liquidsoap meta.function-call.liquidsoap
#                     ^ source.liquidsoap meta.function-call.liquidsoap meta.function-call.liquidsoap meta.function-call.liquidsoap string.quoted.double.liquidsoap
#                      ^^^^^^^ source.liquidsoap meta.function-call.liquidsoap meta.function-call.liquidsoap meta.function-call.liquidsoap string.quoted.double.liquidsoap
#                             ^ source.liquidsoap meta.function-call.liquidsoap meta.function-call.liquidsoap meta.function-call.liquidsoap string.quoted.double.liquidsoap
#                              ^ source.liquidsoap meta.function-call.liquidsoap meta.function-call.liquidsoap meta.function-call.liquidsoap
>  ),
#^^ source.liquidsoap meta.function-call.liquidsoap meta.function-call.liquidsoap
#  ^ source.liquidsoap meta.function-call.liquidsoap meta.function-call.liquidsoap
#   ^ source.liquidsoap meta.function-call.liquidsoap keyword.other.liquidsoap punctuation.comma punctuation.separator.comma
>  {if done() then "done.mp4" else out end},
#^^ source.liquidsoap meta.function-call.liquidsoap
#  ^ source.liquidsoap meta.function-call.liquidsoap
#   ^^ source.liquidsoap meta.function-call.liquidsoap keyword.control.liquidsoap
#     ^ source.liquidsoap meta.function-call.liquidsoap
#      ^^^^ source.liquidsoap meta.function-call.liquidsoap meta.function-call.liquidsoap entity.name.function.liquidsoap
#          ^ source.liquidsoap meta.function-call.liquidsoap meta.function-call.liquidsoap
#           ^ source.liquidsoap meta.function-call.liquidsoap meta.function-call.liquidsoap
#            ^ source.liquidsoap meta.function-call.liquidsoap
#             ^^^^ source.liquidsoap meta.function-call.liquidsoap keyword.control.liquidsoap
#                 ^ source.liquidsoap meta.function-call.liquidsoap
#                  ^ source.liquidsoap meta.function-call.liquidsoap string.quoted.double.liquidsoap
#                   ^^^^^^^^ source.liquidsoap meta.function-call.liquidsoap string.quoted.double.liquidsoap
#                           ^ source.liquidsoap meta.function-call.liquidsoap string.quoted.double.liquidsoap
#                            ^ source.liquidsoap meta.function-call.liquidsoap
#                             ^^^^ source.liquidsoap meta.function-call.liquidsoap keyword.control.liquidsoap
#                                 ^ source.liquidsoap meta.function-call.liquidsoap
#                                  ^^^ source.liquidsoap meta.function-call.liquidsoap variable.liquidsoap
#                                     ^ source.liquidsoap meta.function-call.liquidsoap
#                                      ^^^ source.liquidsoap meta.function-call.liquidsoap keyword.control.liquidsoap
#                                         ^ source.liquidsoap meta.function-call.liquidsoap
#                                          ^ source.liquidsoap meta.function-call.liquidsoap keyword.other.liquidsoap punctuation.comma punctuation.separator.comma
>  s)
#^^ source.liquidsoap meta.function-call.liquidsoap
#  ^ source.liquidsoap meta.function-call.liquidsoap variable.liquidsoap
#   ^ source.liquidsoap meta.function-call.liquidsoap
>