># Log a critical message
#^ source.liquidsoap comment.line.number-sign.liquidsoap
# ^^^^^^^^^^^^^^^^^^^^^^^ source.liquidsoap comment.line.number-sign.liquidsoap
># @category Liquidsoap
#^ source.liquidsoap comment.line.number-sign.liquidsoap
# ^ source.liquidsoap comment.line.number-sign.liquidsoap
#  ^^^^^^^^^ source.liquidsoap comment.line.number-sign.liquidsoap comment.doc.category.liquidsoap
#           ^^^^^^^^^^^ source.liquidsoap comment.line.number-sign.liquidsoap
>def log.critical(~label="lang",msg) =
#^^^ source.liquidsoap keyword.other.function.definition.liquidsoap
#   ^ source.liquidsoap
#    ^^^^^^^^^^^^ source.liquidsoap entity.name.function.binding.liquidsoap
#                ^ source.liquidsoap
#                 ^ source.liquidsoap
#                  ^^^^^ source.liquidsoap variable.parameter.liquidsoap
#                       ^ source.liquidsoap
#                        ^ source.liquidsoap string.quoted.double.liquidsoap
#                         ^^^^ source.liquidsoap string.quoted.double.liquidsoap
#                             ^ source.liquidsoap string.quoted.double.liquidsoap
#                              ^ source.liquidsoap keyword.other.liquidsoap punctuation.comma punctuation.separator.comma
#                               ^^^ source.liquidsoap variable.liquidsoap
#                                  ^ source.liquidsoap
#                                   ^^ source.liquidsoap
>  log(label=label,level=1,msg)
#^^ source.liquidsoap
#  ^^^ source.liquidsoap meta.function-call.liquidsoap entity.name.function.liquidsoap
#     ^ source.liquidsoap meta.function-call.liquidsoap
#      ^^^^^ source.liquidsoap meta.function-call.liquidsoap variable.language.arguments.named.liquidsoap
#           ^ source.liquidsoap meta.function-call.liquidsoap
#            ^^^^^ source.liquidsoap meta.function-call.liquidsoap variable.liquidsoap
#                 ^ source.liquidsoap meta.function-call.liquidsoap keyword.other.liquidsoap punctuation.comma punctuation.separator.comma
#                  ^^^^^ source.liquidsoap meta.function-call.liquidsoap variable.language.arguments.named.liquidsoap
#                       ^ source.liquidsoap meta.function-call.liquidsoap
#                        ^ source.liquidsoap meta.function-call.liquidsoap constant.numeric.decimal.integer.liquidsoap
#                         ^ source.liquidsoap meta.function-call.liquidsoap keyword.other.liquidsoap punctuation.comma punctuation.separator.comma
#                          ^^^ source.liquidsoap meta.function-call.liquidsoap variable.liquidsoap
#                             ^ source.liquidsoap meta.function-call.liquidsoap
>end
#^^^ source.liquidsoap keyword.other.function.end.liquidsoap
>
># Log a severe message
#^ source.liquidsoap comment.line.number-sign.liquidsoap
# ^^^^^^^^^^^^^^^^^^^^^ source.liquidsoap comment.line.number-sign.liquidsoap
># @category Liquidsoap
#^ source.liquidsoap comment.line.number-sign.liquidsoap
# ^ source.liquidsoap comment.line.number-sign.liquidsoap
#  ^^^^^^^^^ source.liquidsoap comment.line.number-sign.liquidsoap comment.doc.category.liquidsoap
#           ^^^^^^^^^^^ source.liquidsoap comment.line.number-sign.liquidsoap
>def log.severe(~label="lang",msg) =
#^^^ source.liquidsoap keyword.other.function.definition.liquidsoap
#   ^ source.liquidsoap
#    ^^^^^^^^^^ source.liquidsoap entity.name.function.binding.liquidsoap
#              ^ source.liquidsoap
#               ^ source.liquidsoap
#                ^^^^^ source.liquidsoap variable.parameter.liquidsoap
#                     ^ source.liquidsoap
#                      ^ source.liquidsoap string.quoted.double.liquidsoap
#                       ^^^^ source.liquidsoap string.quoted.double.liquidsoap
#                           ^ source.liquidsoap string.quoted.double.liquidsoap
#                            ^ source.liquidsoap keyword.other.liquidsoap punctuation.comma punctuation.separator.comma
#                             ^^^ source.liquidsoap variable.liquidsoap
#                                ^ source.liquidsoap
#                                 ^^ source.liquidsoap
>  log(label=label,level=2,msg)
#^^ source.liquidsoap
#  ^^^ source.liquidsoap meta.function-call.liquidsoap entity.name.function.liquidsoap
#     ^ source.liquidsoap meta.function-call.liquidsoap
#      ^^^^^ source.liquidsoap meta.function-call.liquidsoap variable.language.arguments.named.liquidsoap
#           ^ source.liquidsoap meta.function-call.liquidsoap
#            ^^^^^ source.liquidsoap meta.function-call.liquidsoap variable.liquidsoap
#                 ^ source.liquidsoap meta.function-call.liquidsoap keyword.other.liquidsoap punctuation.comma punctuation.separator.comma
#                  ^^^^^ source.liquidsoap meta.function-call.liquidsoap variable.language.arguments.named.liquidsoap
#                       ^ source.liquidsoap meta.function-call.liquidsoap
#                        ^ source.liquidsoap meta.function-call.liquidsoap constant.numeric.decimal.integer.liquidsoap
#                         ^ source.liquidsoap meta.function-call.liquidsoap keyword.other.liquidsoap punctuation.comma punctuation.separator.comma
#                          ^^^ source.liquidsoap meta.function-call.liquidsoap variable.liquidsoap
#                             ^ source.liquidsoap meta.function-call.liquidsoap
>end
#^^^ source.liquidsoap keyword.other.function.end.liquidsoap
>
># Log an important message
#^ source.liquidsoap comment.line.number-sign.liquidsoap
# ^^^^^^^^^^^^^^^^^^^^^^^^^ source.liquidsoap comment.line.number-sign.liquidsoap
># @category Liquidsoap
#^ source.liquidsoap comment.line.number-sign.liquidsoap
# ^ source.liquidsoap comment.line.number-sign.liquidsoap
#  ^^^^^^^^^ source.liquidsoap comment.line.number-sign.liquidsoap comment.doc.category.liquidsoap
#           ^^^^^^^^^^^ source.liquidsoap comment.line.number-sign.liquidsoap
>def log.important(~label="lang",msg) =
#^^^ source.liquidsoap keyword.other.function.definition.liquidsoap
#   ^ source.liquidsoap
#    ^^^^^^^^^^^^^ source.liquidsoap entity.name.function.binding.liquidsoap
#                 ^ source.liquidsoap
#                  ^ source.liquidsoap
#                   ^^^^^ source.liquidsoap variable.parameter.liquidsoap
#                        ^ source.liquidsoap
#                         ^ source.liquidsoap string.quoted.double.liquidsoap
#                          ^^^^ source.liquidsoap string.quoted.double.liquidsoap
#                              ^ source.liquidsoap string.quoted.double.liquidsoap
#                               ^ source.liquidsoap keyword.other.liquidsoap punctuation.comma punctuation.separator.comma
#                                ^^^ source.liquidsoap variable.liquidsoap
#                                   ^ source.liquidsoap
#                                    ^^ source.liquidsoap
>  log(label=label,level=3,msg)
#^^ source.liquidsoap
#  ^^^ source.liquidsoap meta.function-call.liquidsoap entity.name.function.liquidsoap
#     ^ source.liquidsoap meta.function-call.liquidsoap
#      ^^^^^ source.liquidsoap meta.function-call.liquidsoap variable.language.arguments.named.liquidsoap
#           ^ source.liquidsoap meta.function-call.liquidsoap
#            ^^^^^ source.liquidsoap meta.function-call.liquidsoap variable.liquidsoap
#                 ^ source.liquidsoap meta.function-call.liquidsoap keyword.other.liquidsoap punctuation.comma punctuation.separator.comma
#                  ^^^^^ source.liquidsoap meta.function-call.liquidsoap variable.language.arguments.named.liquidsoap
#                       ^ source.liquidsoap meta.function-call.liquidsoap
#                        ^ source.liquidsoap meta.function-call.liquidsoap constant.numeric.decimal.integer.liquidsoap
#                         ^ source.liquidsoap meta.function-call.liquidsoap keyword.other.liquidsoap punctuation.comma punctuation.separator.comma
#                          ^^^ source.liquidsoap meta.function-call.liquidsoap variable.liquidsoap
#                             ^ source.liquidsoap meta.function-call.liquidsoap
>end
#^^^ source.liquidsoap keyword.other.function.end.liquidsoap
>
># Log a normal message
#^ source.liquidsoap comment.line.number-sign.liquidsoap
# ^^^^^^^^^^^^^^^^^^^^^ source.liquidsoap comment.line.number-sign.liquidsoap
># @category Liquidsoap
#^ source.liquidsoap comment.line.number-sign.liquidsoap
# ^ source.liquidsoap comment.line.number-sign.liquidsoap
#  ^^^^^^^^^ source.liquidsoap comment.line.number-sign.liquidsoap comment.doc.category.liquidsoap
#           ^^^^^^^^^^^ source.liquidsoap comment.line.number-sign.liquidsoap
>def log.info(~label="lang",msg) =
#^^^ source.liquidsoap keyword.other.function.definition.liquidsoap
#   ^ source.liquidsoap
#    ^^^^^^^^ source.liquidsoap entity.name.function.binding.liquidsoap
#            ^ source.liquidsoap
#             ^ source.liquidsoap
#              ^^^^^ source.liquidsoap variable.parameter.liquidsoap
#                   ^ source.liquidsoap
#                    ^ source.liquidsoap string.quoted.double.liquidsoap
#                     ^^^^ source.liquidsoap string.quoted.double.liquidsoap
#                         ^ source.liquidsoap string.quoted.double.liquidsoap
#                          ^ source.liquidsoap keyword.other.liquidsoap punctuation.comma punctuation.separator.comma
#                           ^^^ source.liquidsoap variable.liquidsoap
#                              ^ source.liquidsoap
#                               ^^ source.liquidsoap
>  log(label=label,level=4,msg)
#^^ source.liquidsoap
#  ^^^ source.liquidsoap meta.function-call.liquidsoap entity.name.function.liquidsoap
#     ^ source.liquidsoap meta.function-call.liquidsoap
#      ^^^^^ source.liquidsoap meta.function-call.liquidsoap variable.language.arguments.named.liquidsoap
#           ^ source.liquidsoap meta.function-call.liquidsoap
#            ^^^^^ source.liquidsoap meta.function-call.liquidsoap variable.liquidsoap
#                 ^ source.liquidsoap meta.function-call.liquidsoap keyword.other.liquidsoap punctuation.comma punctuation.separator.comma
#                  ^^^^^ source.liquidsoap meta.function-call.liquidsoap variable.language.arguments.named.liquidsoap
#                       ^ source.liquidsoap meta.function-call.liquidsoap
#                        ^ source.liquidsoap meta.function-call.liquidsoap constant.numeric.decimal.integer.liquidsoap
#                         ^ source.liquidsoap meta.function-call.liquidsoap keyword.other.liquidsoap punctuation.comma punctuation.separator.comma
#                          ^^^ source.liquidsoap meta.function-call.liquidsoap variable.liquidsoap
#                             ^ source.liquidsoap meta.function-call.liquidsoap
>end
#^^^ source.liquidsoap keyword.other.function.end.liquidsoap
>
># Log a debug message
#^ source.liquidsoap comment.line.number-sign.liquidsoap
# ^^^^^^^^^^^^^^^^^^^^ source.liquidsoap comment.line.number-sign.liquidsoap
># @category Liquidsoap
#^ source.liquidsoap comment.line.number-sign.liquidsoap
# ^ source.liquidsoap comment.line.number-sign.liquidsoap
#  ^^^^^^^^^ source.liquidsoap comment.line.number-sign.liquidsoap comment.doc.category.liquidsoap
#           ^^^^^^^^^^^ source.liquidsoap comment.line.number-sign.liquidsoap
>def log.debug(~label="lang",msg) =
#^^^ source.liquidsoap keyword.other.function.definition.liquidsoap
#   ^ source.liquidsoap
#    ^^^^^^^^^ source.liquidsoap entity.name.function.binding.liquidsoap
#             ^ source.liquidsoap
#              ^ source.liquidsoap
#               ^^^^^ source.liquidsoap variable.parameter.liquidsoap
#                    ^ source.liquidsoap
#                     ^ source.liquidsoap string.quoted.double.liquidsoap
#                      ^^^^ source.liquidsoap string.quoted.double.liquidsoap
#                          ^ source.liquidsoap string.quoted.double.liquidsoap
#                           ^ source.liquidsoap keyword.other.liquidsoap punctuation.comma punctuation.separator.comma
#                            ^^^ source.liquidsoap variable.liquidsoap
#                               ^ source.liquidsoap
#                                ^^ source.liquidsoap
>  log(label=label,level=5,msg)
#^^ source.liquidsoap
#  ^^^ source.liquidsoap meta.function-call.liquidsoap entity.name.function.liquidsoap
#     ^ source.liquidsoap meta.function-call.liquidsoap
#      ^^^^^ source.liquidsoap meta.function-call.liquidsoap variable.language.arguments.named.liquidsoap
#           ^ source.liquidsoap meta.function-call.liquidsoap
#            ^^^^^ source.liquidsoap meta.function-call.liquidsoap variable.liquidsoap
#                 ^ source.liquidsoap meta.function-call.liquidsoap keyword.other.liquidsoap punctuation.comma punctuation.separator.comma
#                  ^^^^^ source.liquidsoap meta.function-call.liquidsoap variable.language.arguments.named.liquidsoap
#                       ^ source.liquidsoap meta.function-call.liquidsoap
#                        ^ source.liquidsoap meta.function-call.liquidsoap constant.numeric.decimal.integer.liquidsoap
#                         ^ source.liquidsoap meta.function-call.liquidsoap keyword.other.liquidsoap punctuation.comma punctuation.separator.comma
#                          ^^^ source.liquidsoap meta.function-call.liquidsoap variable.liquidsoap
#                             ^ source.liquidsoap meta.function-call.liquidsoap
>end
#^^^ source.liquidsoap keyword.other.function.end.liquidsoap
>
># Get and set the log level.
#^ source.liquidsoap comment.line.number-sign.liquidsoap
# ^^^^^^^^^^^^^^^^^^^^^^^^^^^ source.liquidsoap comment.line.number-sign.liquidsoap
># @category Liquidsoap
#^ source.liquidsoap comment.line.number-sign.liquidsoap
# ^ source.liquidsoap comment.line.number-sign.liquidsoap
#  ^^^^^^^^^ source.liquidsoap comment.line.number-sign.liquidsoap comment.doc.category.liquidsoap
#           ^^^^^^^^^^^ source.liquidsoap comment.line.number-sign.liquidsoap
>def log.level =
#^^^ source.liquidsoap keyword.other.function.definition.liquidsoap
#   ^ source.liquidsoap
#    ^^^^^^^^^ source.liquidsoap entity.name.function.binding.liquidsoap
#             ^^ source.liquidsoap
>  settings.log.level
#^^ source.liquidsoap
#  ^^^^^^^^ source.liquidsoap variable.liquidsoap
#          ^ source.liquidsoap keyword.other.liquidsoap
#           ^^^ source.liquidsoap variable.method.liquidsoap
#              ^ source.liquidsoap keyword.other.liquidsoap
#               ^^^^^ source.liquidsoap variable.method.liquidsoap
>end
#^^^ source.liquidsoap keyword.other.function.end.liquidsoap
>
># Get and set the file logging
#^ source.liquidsoap comment.line.number-sign.liquidsoap
# ^^^^^^^^^^^^^^^^^^^^^^^^^^^^^ source.liquidsoap comment.line.number-sign.liquidsoap
># @category Liquidsoap
#^ source.liquidsoap comment.line.number-sign.liquidsoap
# ^ source.liquidsoap comment.line.number-sign.liquidsoap
#  ^^^^^^^^^ source.liquidsoap comment.line.number-sign.liquidsoap comment.doc.category.liquidsoap
#           ^^^^^^^^^^^ source.liquidsoap comment.line.number-sign.liquidsoap
>def log.file =
#^^^ source.liquidsoap keyword.other.function.definition.liquidsoap
#   ^ source.liquidsoap
#    ^^^^^^^^ source.liquidsoap entity.name.function.binding.liquidsoap
#            ^^ source.liquidsoap
>  settings.log.file
#^^ source.liquidsoap
#  ^^^^^^^^ source.liquidsoap variable.liquidsoap
#          ^ source.liquidsoap keyword.other.liquidsoap
#           ^^^ source.liquidsoap variable.method.liquidsoap
#              ^ source.liquidsoap keyword.other.liquidsoap
#               ^^^^ source.liquidsoap variable.method.liquidsoap
>end
#^^^ source.liquidsoap keyword.other.function.end.liquidsoap
>
># Get and set logging to stdout
#^ source.liquidsoap comment.line.number-sign.liquidsoap
# ^^^^^^^^^^^^^^^^^^^^^^^^^^^^^^ source.liquidsoap comment.line.number-sign.liquidsoap
># @category Liquidsoap
#^ source.liquidsoap comment.line.number-sign.liquidsoap
# ^ source.liquidsoap comment.line.number-sign.liquidsoap
#  ^^^^^^^^^ source.liquidsoap comment.line.number-sign.liquidsoap comment.doc.category.liquidsoap
#           ^^^^^^^^^^^ source.liquidsoap comment.line.number-sign.liquidsoap
>def log.stdout =
#^^^ source.liquidsoap keyword.other.function.definition.liquidsoap
#   ^ source.liquidsoap
#    ^^^^^^^^^^ source.liquidsoap entity.name.function.binding.liquidsoap
#              ^^ source.liquidsoap
>  settings.log.stdout
#^^ source.liquidsoap
#  ^^^^^^^^ source.liquidsoap variable.liquidsoap
#          ^ source.liquidsoap keyword.other.liquidsoap
#           ^^^ source.liquidsoap variable.method.liquidsoap
#              ^ source.liquidsoap keyword.other.liquidsoap
#               ^^^^^^ source.liquidsoap variable.method.liquidsoap
>end
#^^^ source.liquidsoap keyword.other.function.end.liquidsoap
>