># Sleep regularly, thus inducing delays in the sound production. This is mainly
#^ source.liquidsoap comment.line.number-sign.liquidsoap
# ^^^^^^^^^^^^^^^^^^^^^^^^^^^^^^^^^^^^^^^^^^^^^^^^^^^^^^^^^^^^^^^^^^^^^^^^^^^^^^ source.liquidsoap comment.line.number-sign.liquidsoap
># useful for emulating network delays or sources which are slow to produce data,
#^ source.liquidsoap comment.line.number-sign.liquidsoap
# ^^^^^^^^^^^^^^^^^^^^^^^^^^^^^^^^^^^^^^^^^^^^^^^^^^^^^^^^^^^^^^^^^^^^^^^^^^^^^^^ source.liquidsoap comment.line.number-sign.liquidsoap
># and thus test bufferization and robustness of scripts.
#^ source.liquidsoap comment.line.number-sign.liquidsoap
# ^^^^^^^^^^^^^^^^^^^^^^^^^^^^^^^^^^^^^^^^^^^^^^^^^^^^^^^ source.liquidsoap comment.line.number-sign.liquidsoap
># @category Source / Testing
#^ source.liquidsoap comment.line.number-sign.liquidsoap
# ^ source.liquidsoap comment.line.number-sign.liquidsoap
#  ^^^^^^^^^ source.liquidsoap comment.line.number-sign.liquidsoap comment.doc.category.liquidsoap
#           ^^^^^^^^^^^^^^^^^ source.liquidsoap comment.line.number-sign.liquidsoap
># @flag experimental
#^ source.liquidsoap comment.line.number-sign.liquidsoap
# ^^^^^^^^^^^^^^^^^^^ source.liquidsoap comment.line.number-sign.liquidsoap
># @param ~every How often we should sleep (in seconds, 0 means every frame).
#^ source.liquidsoap comment.line.number-sign.liquidsoap
# ^ source.liquidsoap comment.line.number-sign.liquidsoap
#  ^^^^^^ source.liquidsoap comment.line.number-sign.liquidsoap comment.doc.param.liquidsoap
#        ^^^^^^^^^^^^^^^^^^^^^^^^^^^^^^^^^^^^^^^^^^^^^^^^^^^^^^^^^^^^^^^^^^^^ source.liquidsoap comment.line.number-sign.liquidsoap
># @param ~delay Delay introduced (in seconds).
#^ source.liquidsoap comment.line.number-sign.liquidsoap
# ^ source.liquidsoap comment.line.number-sign.liquidsoap
#  ^^^^^^ source.liquidsoap comment.line.number-sign.liquidsoap comment.doc.param.liquidsoap
#        ^^^^^^^^^^^^^^^^^^^^^^^^^^^^^^^^^^^^^^ source.liquidsoap comment.line.number-sign.liquidsoap
># @param ~delay_random Maximum amount of time randomly added to the delay (in seconds).
#^ source.liquidsoap comment.line.number-sign.liquidsoap
# ^ source.liquidsoap comment.line.number-sign.liquidsoap
#  ^^^^^^ source.liquidsoap comment.line.number-sign.liquidsoap comment.doc.param.liquidsoap
#        ^^^^^^^^^^^^^^^^^^^^^^^^^^^^^^^^^^^^^^^^^^^^^^^^^^^^^^^^^^^^^^^^^^^^^^^^^^^^^^^ source.liquidsoap comment.line.number-sign.liquidsoap
># @param ~on_delay Function called when a delay is introduced, with the delay as argument.
#^ source.liquidsoap comment.line.number-sign.liquidsoap
# ^ source.liquidsoap comment.line.number-sign.liquidsoap
#  ^^^^^^ source.liquidsoap comment.line.number-sign.liquidsoap comment.doc.param.liquidsoap
#        ^^^^^^^^^^^^^^^^^^^^^^^^^^^^^^^^^^^^^^^^^^^^^^^^^^^^^^^^^^^^^^^^^^^^^^^^^^^^^^^^^^ source.liquidsoap comment.line.number-sign.liquidsoap
># @param s Source in which the delays should be introduced.
#^ source.liquidsoap comment.line.number-sign.liquidsoap
# ^ source.liquidsoap comment.line.number-sign.liquidsoap
#  ^^^^^^ source.liquidsoap comment.line.number-sign.liquidsoap comment.doc.param.liquidsoap
#        ^^^^^^^^^^^^^^^^^^^^^^^^^^^^^^^^^^^^^^^^^^^^^^^^^^^ source.liquidsoap comment.line.number-sign.liquidsoap
># @method frozen The stream production is frozen while set to `true`.
#^ source.liquidsoap comment.line.number-sign.liquidsoap
# ^^^^^^^^^^^^^^^^^^^^^^^^^^^^^^^^^^^^^^^^^^^^^^^^^^^^^^^^^^^^^^^^^^^^ source.liquidsoap comment.line.number-sign.liquidsoap
>def sleeper(~every=1., ~delay=1.1, ~delay_random=0., ~on_delay=fun (_) -> (), s)
#^^^ source.liquidsoap keyword.other.function.definition.liquidsoap
#   ^ source.liquidsoap
#    ^^^^^^^ source.liquidsoap entity.name.function.binding.liquidsoap
#           ^ source.liquidsoap
#            ^ source.liquidsoap
#             ^^^^^ source.liquidsoap variable.parameter.liquidsoap
#                  ^ source.liquidsoap
#                   ^ source.liquidsoap constant.numeric.decimal.integer.liquidsoap
#                    ^ source.liquidsoap
#                     ^ source.liquidsoap keyword.other.liquidsoap punctuation.comma punctuation.separator.comma
#                      ^ source.liquidsoap
#                       ^ source.liquidsoap
#                        ^^^^^ source.liquidsoap variable.parameter.liquidsoap
#                             ^ source.liquidsoap
#                              ^^^ source.liquidsoap constant.numeric.decimal.float.liquidsoap
#                                 ^ source.liquidsoap keyword.other.liquidsoap punctuation.comma punctuation.separator.comma
#                                  ^ source.liquidsoap
#                                   ^ source.liquidsoap
#                                    ^^^^^^^^^^^^ source.liquidsoap variable.parameter.liquidsoap
#                                                ^ source.liquidsoap
#                                                 ^ source.liquidsoap constant.numeric.decimal.integer.liquidsoap
#                                                  ^ source.liquidsoap
#                                                   ^ source.liquidsoap keyword.other.liquidsoap punctuation.comma punctuation.separator.comma
#                                                    ^ source.liquidsoap
#                                                     ^ source.liquidsoap
#                                                      ^^^^^^^^ source.liquidsoap variable.parameter.liquidsoap
#                                                              ^ source.liquidsoap
#                                                               ^^^ source.liquidsoap meta.function-call.liquidsoap entity.name.function.liquidsoap
#                                                                  ^^ source.liquidsoap meta.function-call.liquidsoap
#                                                                    ^ source.liquidsoap meta.function-call.liquidsoap variable.liquidsoap
#                                                                     ^ source.liquidsoap meta.function-call.liquidsoap
#                                                                      ^ source.liquidsoap
#                                                                       ^^ source.liquidsoap keyword.control.function.declaration.liquidsoap
#                                                                         ^^ source.liquidsoap
#                                                                           ^ source.liquidsoap
#                                                                            ^^^^ source.liquidsoap
>  last = ref(0.)
#^^ source.liquidsoap
#  ^^^^ source.liquidsoap entity.name.function.binding.liquidsoap
#      ^^ source.liquidsoap
#        ^ source.liquidsoap
#         ^^^ source.liquidsoap meta.function-call.liquidsoap entity.name.function.liquidsoap
#            ^ source.liquidsoap meta.function-call.liquidsoap
#             ^ source.liquidsoap meta.function-call.liquidsoap constant.numeric.decimal.integer.liquidsoap
#              ^ source.liquidsoap meta.function-call.liquidsoap
#               ^ source.liquidsoap meta.function-call.liquidsoap
>  frozen = ref(false)
#^^ source.liquidsoap
#  ^^^^^^ source.liquidsoap entity.name.function.binding.liquidsoap
#        ^^ source.liquidsoap
#          ^ source.liquidsoap
#           ^^^ source.liquidsoap meta.function-call.liquidsoap entity.name.function.liquidsoap
#              ^ source.liquidsoap meta.function-call.liquidsoap
#               ^^^^^ source.liquidsoap meta.function-call.liquidsoap constant.language.boolean.liquidsoap
#                    ^ source.liquidsoap meta.function-call.liquidsoap
>  def f()
#^^ source.liquidsoap
#  ^^^ source.liquidsoap keyword.other.function.definition.liquidsoap
#     ^ source.liquidsoap
#      ^ source.liquidsoap entity.name.function.binding.liquidsoap
#       ^ source.liquidsoap
#        ^ source.liquidsoap
>    while frozen() do thread.pause(0.1) end
#^^^^ source.liquidsoap
#    ^^^^^ source.liquidsoap keyword.control.liquidsoap
#         ^ source.liquidsoap
#          ^^^^^^ source.liquidsoap meta.function-call.liquidsoap entity.name.function.liquidsoap
#                ^ source.liquidsoap meta.function-call.liquidsoap
#                 ^ source.liquidsoap meta.function-call.liquidsoap
#                  ^ source.liquidsoap
#                   ^^ source.liquidsoap keyword.control.liquidsoap
#                     ^ source.liquidsoap
#                      ^^^^^^ source.liquidsoap variable.liquidsoap
#                            ^ source.liquidsoap meta.function-call.liquidsoap
#                             ^^^^^ source.liquidsoap meta.function-call.liquidsoap entity.name.function.liquidsoap
#                                  ^ source.liquidsoap meta.function-call.liquidsoap
#                                   ^^^ source.liquidsoap meta.function-call.liquidsoap constant.numeric.decimal.float.liquidsoap
#                                      ^ source.liquidsoap meta.function-call.liquidsoap
#                                       ^ source.liquidsoap
#                                        ^^^ source.liquidsoap keyword.control.liquidsoap
>    now = source.time(s)
#^^^^ source.liquidsoap
#    ^^^ source.liquidsoap entity.name.function.binding.liquidsoap
#       ^^ source.liquidsoap
#         ^ source.liquidsoap
#          ^^^^^^ source.liquidsoap variable.liquidsoap
#                ^ source.liquidsoap meta.function-call.liquidsoap
#                 ^^^^ source.liquidsoap meta.function-call.liquidsoap entity.name.function.liquidsoap
#                     ^ source.liquidsoap meta.function-call.liquidsoap
#                      ^ source.liquidsoap meta.function-call.liquidsoap variable.liquidsoap
#                       ^ source.liquidsoap meta.function-call.liquidsoap
>    if now >= last() + every then
#^^^^ source.liquidsoap
#    ^^ source.liquidsoap keyword.control.liquidsoap
#      ^ source.liquidsoap
#       ^^^ source.liquidsoap variable.liquidsoap
#          ^ source.liquidsoap
#           ^^ source.liquidsoap keyword.operator.compare.liquidsoap
#             ^ source.liquidsoap
#              ^^^^ source.liquidsoap meta.function-call.liquidsoap entity.name.function.liquidsoap
#                  ^ source.liquidsoap meta.function-call.liquidsoap
#                   ^ source.liquidsoap meta.function-call.liquidsoap
#                    ^ source.liquidsoap
#                     ^ source.liquidsoap keyword.operator.arithmetic.liquidsoap
#                      ^ source.liquidsoap
#                       ^^^^^ source.liquidsoap variable.liquidsoap
#                            ^ source.liquidsoap
#                             ^^^^ source.liquidsoap keyword.control.liquidsoap
>      last := now
#^^^^^^ source.liquidsoap
#      ^^^^ source.liquidsoap variable.liquidsoap
#          ^ source.liquidsoap
#           ^^ source.liquidsoap keyword.operator.set.liquidsoap
#             ^ source.liquidsoap
#              ^^^ source.liquidsoap variable.liquidsoap
>      delay = delay + random.float(max=delay_random)
#^^^^^^ source.liquidsoap
#      ^^^^^ source.liquidsoap entity.name.function.binding.liquidsoap
#           ^^ source.liquidsoap
#             ^ source.liquidsoap
#              ^^^^^ source.liquidsoap variable.liquidsoap
#                   ^ source.liquidsoap
#                    ^ source.liquidsoap keyword.operator.arithmetic.liquidsoap
#                     ^ source.liquidsoap
#                      ^^^^^^ source.liquidsoap variable.liquidsoap
#                            ^ source.liquidsoap meta.function-call.liquidsoap
#                             ^^^^^ source.liquidsoap meta.function-call.liquidsoap entity.name.function.liquidsoap
#                                  ^ source.liquidsoap meta.function-call.liquidsoap
#                                   ^^^^ source.liquidsoap meta.function-call.liquidsoap
#                                       ^^^^^^^^^^^^ source.liquidsoap meta.function-call.liquidsoap variable.liquidsoap
#                                                   ^ source.liquidsoap meta.function-call.liquidsoap
>      on_delay(delay)
#^^^^^^ source.liquidsoap
#      ^^^^^^^^ source.liquidsoap meta.function-call.liquidsoap entity.name.function.liquidsoap
#              ^ source.liquidsoap meta.function-call.liquidsoap
#               ^^^^^ source.liquidsoap meta.function-call.liquidsoap variable.liquidsoap
#                    ^ source.liquidsoap meta.function-call.liquidsoap
>      thread.pause(delay)
#^^^^^^ source.liquidsoap
#      ^^^^^^ source.liquidsoap variable.liquidsoap
#            ^ source.liquidsoap meta.function-call.liquidsoap
#             ^^^^^ source.liquidsoap meta.function-call.liquidsoap entity.name.function.liquidsoap
#                  ^ source.liquidsoap meta.function-call.liquidsoap
#                   ^^^^^ source.liquidsoap meta.function-call.liquidsoap variable.liquidsoap
#                        ^ source.liquidsoap meta.function-call.liquidsoap
>    end
#^^^^ source.liquidsoap
#    ^^^ source.liquidsoap keyword.control.liquidsoap
>  end
#^^ source.liquidsoap
#  ^^^ source.liquidsoap keyword.other.function.end.liquidsoap
>  s = source.on_frame(s,f)
#^^ source.liquidsoap
#  ^ source.liquidsoap entity.name.function.binding.liquidsoap
#   ^^ source.liquidsoap
#     ^ source.liquidsoap
#      ^^^^^^ source.liquidsoap variable.liquidsoap
#            ^ source.liquidsoap meta.function-call.liquidsoap
#             ^^^^^^^^ source.liquidsoap meta.function-call.liquidsoap entity.name.function.liquidsoap
#                     ^ source.liquidsoap meta.function-call.liquidsoap
#                      ^ source.liquidsoap meta.function-call.liquidsoap variable.liquidsoap
#                       ^ source.liquidsoap meta.function-call.liquidsoap keyword.other.liquidsoap punctuation.comma punctuation.separator.comma
#                        ^ source.liquidsoap meta.function-call.liquidsoap variable.liquidsoap
#                         ^ source.liquidsoap meta.function-call.liquidsoap
>  s.{frozen = frozen}
#^^ source.liquidsoap
#  ^ source.liquidsoap variable.liquidsoap
#   ^^ source.liquidsoap
#     ^^^^^^ source.liquidsoap entity.name.method.liquidsoap
#           ^^ source.liquidsoap
#             ^ source.liquidsoap
#              ^^^^^^ source.liquidsoap variable.liquidsoap
#                    ^ source.liquidsoap
>end
#^^^ source.liquidsoap keyword.other.function.end.liquidsoap
>