>test_no_autostart = ref(true)
#^^^^^^^^^^^^^^^^^^^^^^^^^^^^^^ source.liquidsoap
>test_autostart = ref(false)
#^^^^^^^^^^^^^^^^^^^^^^^^^^^^ source.liquidsoap
>
>def on_unwanted_autostart() =
#^^^ source.liquidsoap keyword.control.liquidsoap
#   ^^^^^^^^^^^^^^^^^^^^^^^^^^^ source.liquidsoap
>  test_no_autostart := false
#^^^^^^^^^^^^^^^^^^^^^^^^^^^^^ source.liquidsoap
>end
#^^^ source.liquidsoap keyword.control.liquidsoap
>
>def on_wanted_autostart() =
#^^^ source.liquidsoap keyword.control.liquidsoap
#   ^^^^^^^^^^^^^^^^^^^^^^^^^ source.liquidsoap
>  test_autostart := true
#^^^^^^^^^^^^^^^^^^^^^^^^^ source.liquidsoap
>end
#^^^ source.liquidsoap keyword.control.liquidsoap
>
>s = blank()
#^^^^^^^^^^^^ source.liquidsoap
>
>clock.assign_new(sync="none",[s])
#^^^^^^^^^^^^^^^^^^^^^^ source.liquidsoap
#                      ^ source.liquidsoap string.quoted.double.liquidsoap
#                       ^^^^ source.liquidsoap string.quoted.double.liquidsoap
#                           ^ source.liquidsoap string.quoted.double.liquidsoap
#                            ^^^^^^ source.liquidsoap
>
>output.dummy(id="no_autostart", start=false, on_start=on_unwanted_autostart, s)
#^^^^^^^^^^^^^^^^ source.liquidsoap
#                ^ source.liquidsoap string.quoted.double.liquidsoap
#                 ^^^^^^^^^^^^ source.liquidsoap string.quoted.double.liquidsoap
#                             ^ source.liquidsoap string.quoted.double.liquidsoap
#                              ^^^^^^^^^^^^^^^^^^^^^^^^^^^^^^^^^^^^^^^^^^^^^^^^^^ source.liquidsoap
>output.dummy(id="autostart", start=true, on_start=on_wanted_autostart, s)
#^^^^^^^^^^^^^^^^ source.liquidsoap
#                ^ source.liquidsoap string.quoted.double.liquidsoap
#                 ^^^^^^^^^ source.liquidsoap string.quoted.double.liquidsoap
#                          ^ source.liquidsoap string.quoted.double.liquidsoap
#                           ^^^^^^^^^^^^^^^^^^^^^^^^^^^^^^^^^^^^^^^^^^^^^^^ source.liquidsoap
>
>def on_done() =
#^^^ source.liquidsoap keyword.control.liquidsoap
#   ^^^^^^^^^^^^^ source.liquidsoap
>  if test_no_autostart() and test_autostart() then
#^^ source.liquidsoap
#  ^^ source.liquidsoap keyword.control.liquidsoap
#    ^^^^^^^^^^^^^^^^^^^^^ source.liquidsoap
#                         ^^^ source.liquidsoap keyword.operator.liquidsoap
#                            ^^^^^^^^^^^^^^^^^^ source.liquidsoap
#                                              ^^^^ source.liquidsoap keyword.control.liquidsoap
>    test.pass()
#^^^^^^^^^^^^^^^^ source.liquidsoap
>  else
#^^ source.liquidsoap
#  ^^^^ source.liquidsoap keyword.control.liquidsoap
>    test.fail()
#^^^^^^^^^^^^^^^^ source.liquidsoap
>  end
#^^ source.liquidsoap
#  ^^^ source.liquidsoap keyword.control.liquidsoap
>end
#^^^ source.liquidsoap keyword.control.liquidsoap
>
>thread.run(delay=1.,on_done)
#^^^^^^^^^^^^^^^^^ source.liquidsoap
#                 ^ source.liquidsoap constant.numeric.integer
#                  ^^^^^^^^^^^ source.liquidsoap
>