># Test huge playlists, see #2162
#^^^^^^^^^^^^^^^^^^^^^^^^^^^^^^^^^ source.liquidsoap comment.line.number-sign.liquidsoap
>
>log.level.set(5)
#^^^^^^^^^^^^^^ source.liquidsoap
#              ^ source.liquidsoap constant.numeric.integer
#               ^^ source.liquidsoap
>
>uname_s = string.trim(process.run("uname -s").stdout)
#^^^^^^^^^^^^^^^^^^^^^^^^^^^^^^^^^^ source.liquidsoap
#                                  ^ source.liquidsoap string.quoted.double.liquidsoap
#                                   ^^^^^^^^ source.liquidsoap string.quoted.double.liquidsoap
#                                           ^ source.liquidsoap string.quoted.double.liquidsoap
#                                            ^^^^^^^^^^ source.liquidsoap
>
>if uname_s == "Darwin" then
#^^ source.liquidsoap keyword.control.liquidsoap
#  ^^^^^^^^^^^^ source.liquidsoap
#              ^ source.liquidsoap string.quoted.double.liquidsoap
#               ^^^^^^ source.liquidsoap string.quoted.double.liquidsoap
#                     ^ source.liquidsoap string.quoted.double.liquidsoap
#                      ^ source.liquidsoap
#                       ^^^^ source.liquidsoap keyword.control.liquidsoap
>  test.skip()
#^^^^^^^^^^^^^^ source.liquidsoap
>end
#^^^ source.liquidsoap keyword.control.liquidsoap
>
>def f() =
#^^^ source.liquidsoap keyword.control.liquidsoap
#   ^^^^^^^ source.liquidsoap
>  s = playlist(mode="normal", "huge_playlist")
#^^^^^^^^^^^^^^^^^^^^ source.liquidsoap
#                    ^ source.liquidsoap string.quoted.double.liquidsoap
#                     ^^^^^^ source.liquidsoap string.quoted.double.liquidsoap
#                           ^ source.liquidsoap string.quoted.double.liquidsoap
#                            ^^ source.liquidsoap
#                              ^ source.liquidsoap string.quoted.double.liquidsoap
#                               ^^^^^^^^^^^^^ source.liquidsoap string.quoted.double.liquidsoap
#                                            ^ source.liquidsoap string.quoted.double.liquidsoap
#                                             ^^ source.liquidsoap
>  print("\nWe have #{s.length()} songs!\n")
#^^^^^^^^ source.liquidsoap
#        ^ source.liquidsoap string.quoted.double.liquidsoap
#         ^^ source.liquidsoap string.quoted.double.liquidsoap constant.character.escape.liquidsoap
#           ^^^^^^^^^^^^^^^^^^^^^^^^^^^^ source.liquidsoap string.quoted.double.liquidsoap
#                                       ^^ source.liquidsoap string.quoted.double.liquidsoap constant.character.escape.liquidsoap
#                                         ^ source.liquidsoap string.quoted.double.liquidsoap
#                                          ^^ source.liquidsoap
>  output.dummy(mksafe(s))
#^^^^^^^^^^^^^^^^^^^^^^^^^^ source.liquidsoap
>end
#^^^ source.liquidsoap keyword.control.liquidsoap
>
>test.check(f)
#^^^^^^^^^^^^^^ source.liquidsoap
>
>def on_done () =
#^^^ source.liquidsoap keyword.control.liquidsoap
#   ^^^^^^^^^^^^^^ source.liquidsoap
>  test.pass()
#^^^^^^^^^^^^^^ source.liquidsoap
>  shutdown()
#^^^^^^^^^^^^^ source.liquidsoap
>end
#^^^ source.liquidsoap keyword.control.liquidsoap
>
>thread.run(delay=5., on_done)
#^^^^^^^^^^^^^^^^^ source.liquidsoap
#                 ^ source.liquidsoap constant.numeric.integer
#                  ^^^^^^^^^^^^ source.liquidsoap
>