>uname_s = string.trim(process.run("uname -s").stdout)
#^^^^^^^ source.liquidsoap variable.other.binding.liquidsoap
#       ^^ source.liquidsoap
#         ^ source.liquidsoap
#          ^^^^^^ source.liquidsoap variable.liquidsoap
#                ^ source.liquidsoap meta.function-call.liquidsoap
#                 ^^^^ source.liquidsoap meta.function-call.liquidsoap entity.name.function.liquidsoap
#                     ^ source.liquidsoap meta.function-call.liquidsoap
#                      ^^^^^^^ source.liquidsoap meta.function-call.liquidsoap variable.liquidsoap
#                             ^ source.liquidsoap meta.function-call.liquidsoap meta.function-call.liquidsoap
#                              ^^^ source.liquidsoap meta.function-call.liquidsoap meta.function-call.liquidsoap entity.name.function.liquidsoap
#                                 ^ source.liquidsoap meta.function-call.liquidsoap meta.function-call.liquidsoap
#                                  ^ source.liquidsoap meta.function-call.liquidsoap meta.function-call.liquidsoap string.quoted.double.liquidsoap
#                                   ^^^^^^^^ source.liquidsoap meta.function-call.liquidsoap meta.function-call.liquidsoap string.quoted.double.liquidsoap
#                                           ^ source.liquidsoap meta.function-call.liquidsoap meta.function-call.liquidsoap string.quoted.double.liquidsoap
#                                            ^ source.liquidsoap meta.function-call.liquidsoap meta.function-call.liquidsoap
#                                             ^ source.liquidsoap meta.function-call.liquidsoap keyword.other.liquidsoap
#                                              ^^^^^^ source.liquidsoap meta.function-call.liquidsoap variable.method.liquidsoap
#                                                    ^ source.liquidsoap meta.function-call.liquidsoap
>
>if uname_s == "Darwin" then
#^^ source.liquidsoap keyword.control.liquidsoap
#  ^ source.liquidsoap
#   ^^^^^^^ source.liquidsoap variable.liquidsoap
#          ^ source.liquidsoap
#           ^^ source.liquidsoap keyword.operator.compare.liquidsoap
#             ^ source.liquidsoap
#              ^ source.liquidsoap string.quoted.double.liquidsoap
#               ^^^^^^ source.liquidsoap string.quoted.double.liquidsoap
#                     ^ source.liquidsoap string.quoted.double.liquidsoap
#                      ^ source.liquidsoap
#                       ^^^^ source.liquidsoap keyword.control.liquidsoap
>  test.skip()
#^^ source.liquidsoap
#  ^^^^ source.liquidsoap variable.liquidsoap
#      ^ source.liquidsoap meta.function-call.liquidsoap
#       ^^^^ source.liquidsoap meta.function-call.liquidsoap entity.name.function.liquidsoap
#           ^ source.liquidsoap meta.function-call.liquidsoap
#            ^ source.liquidsoap meta.function-call.liquidsoap
>end
#^^^ source.liquidsoap keyword.control.liquidsoap
>
>success = ref(false)
#^^^^^^^ source.liquidsoap variable.other.binding.liquidsoap
#       ^^ source.liquidsoap
#         ^ source.liquidsoap
#          ^^^ source.liquidsoap meta.function-call.liquidsoap entity.name.function.liquidsoap
#             ^ source.liquidsoap meta.function-call.liquidsoap
#              ^^^^^ source.liquidsoap meta.function-call.liquidsoap constant.language.boolean.liquidsoap
#                   ^ source.liquidsoap meta.function-call.liquidsoap
>
>def f() =
#^^^ source.liquidsoap keyword.other.function.definition.liquidsoap
#   ^ source.liquidsoap
#    ^ source.liquidsoap entity.name.function.binding.liquidsoap
#     ^ source.liquidsoap
#      ^ source.liquidsoap
#       ^^ source.liquidsoap
>  fname = "/tmp/fw"
#^^ source.liquidsoap
#  ^^^^^ source.liquidsoap variable.other.binding.liquidsoap
#       ^^ source.liquidsoap
#         ^ source.liquidsoap
#          ^ source.liquidsoap string.quoted.double.liquidsoap
#           ^^^^^^^ source.liquidsoap string.quoted.double.liquidsoap
#                  ^ source.liquidsoap string.quoted.double.liquidsoap
>  file.write(data="abc", fname)
#^^ source.liquidsoap
#  ^^^^ source.liquidsoap variable.liquidsoap
#      ^ source.liquidsoap meta.function-call.liquidsoap
#       ^^^^^ source.liquidsoap meta.function-call.liquidsoap entity.name.function.liquidsoap
#            ^ source.liquidsoap meta.function-call.liquidsoap
#             ^^^^ source.liquidsoap meta.function-call.liquidsoap variable.language.arguments.named.liquidsoap
#                 ^ source.liquidsoap meta.function-call.liquidsoap
#                  ^ source.liquidsoap meta.function-call.liquidsoap string.quoted.double.liquidsoap
#                   ^^^ source.liquidsoap meta.function-call.liquidsoap string.quoted.double.liquidsoap
#                      ^ source.liquidsoap meta.function-call.liquidsoap string.quoted.double.liquidsoap
#                       ^ source.liquidsoap meta.function-call.liquidsoap keyword.other.liquidsoap punctuation.comma punctuation.separator.comma
#                        ^ source.liquidsoap meta.function-call.liquidsoap
#                         ^^^^^ source.liquidsoap meta.function-call.liquidsoap variable.liquidsoap
#                              ^ source.liquidsoap meta.function-call.liquidsoap
>  file.watch(fname, {success := true})
#^^ source.liquidsoap
#  ^^^^ source.liquidsoap variable.liquidsoap
#      ^ source.liquidsoap meta.function-call.liquidsoap
#       ^^^^^ source.liquidsoap meta.function-call.liquidsoap entity.name.function.liquidsoap
#            ^ source.liquidsoap meta.function-call.liquidsoap
#             ^^^^^ source.liquidsoap meta.function-call.liquidsoap variable.liquidsoap
#                  ^ source.liquidsoap meta.function-call.liquidsoap keyword.other.liquidsoap punctuation.comma punctuation.separator.comma
#                   ^ source.liquidsoap meta.function-call.liquidsoap
#                    ^ source.liquidsoap meta.function-call.liquidsoap
#                     ^^^^^^^ source.liquidsoap meta.function-call.liquidsoap variable.liquidsoap
#                            ^ source.liquidsoap meta.function-call.liquidsoap
#                             ^^ source.liquidsoap meta.function-call.liquidsoap keyword.operator.set.liquidsoap
#                               ^ source.liquidsoap meta.function-call.liquidsoap
#                                ^^^^ source.liquidsoap meta.function-call.liquidsoap constant.language.boolean.liquidsoap
#                                    ^ source.liquidsoap meta.function-call.liquidsoap
#                                     ^ source.liquidsoap meta.function-call.liquidsoap
>  file.write(data="xxx", fname)
#^^ source.liquidsoap
#  ^^^^ source.liquidsoap variable.liquidsoap
#      ^ source.liquidsoap meta.function-call.liquidsoap
#       ^^^^^ source.liquidsoap meta.function-call.liquidsoap entity.name.function.liquidsoap
#            ^ source.liquidsoap meta.function-call.liquidsoap
#             ^^^^ source.liquidsoap meta.function-call.liquidsoap variable.language.arguments.named.liquidsoap
#                 ^ source.liquidsoap meta.function-call.liquidsoap
#                  ^ source.liquidsoap meta.function-call.liquidsoap string.quoted.double.liquidsoap
#                   ^^^ source.liquidsoap meta.function-call.liquidsoap string.quoted.double.liquidsoap
#                      ^ source.liquidsoap meta.function-call.liquidsoap string.quoted.double.liquidsoap
#                       ^ source.liquidsoap meta.function-call.liquidsoap keyword.other.liquidsoap punctuation.comma punctuation.separator.comma
#                        ^ source.liquidsoap meta.function-call.liquidsoap
#                         ^^^^^ source.liquidsoap meta.function-call.liquidsoap variable.liquidsoap
#                              ^ source.liquidsoap meta.function-call.liquidsoap
>  sleep(1.)
#^^ source.liquidsoap
#  ^^^^^ source.liquidsoap meta.function-call.liquidsoap entity.name.function.liquidsoap
#       ^ source.liquidsoap meta.function-call.liquidsoap
#        ^ source.liquidsoap meta.function-call.liquidsoap constant.numeric.decimal.integer.liquidsoap
#         ^ source.liquidsoap meta.function-call.liquidsoap
#          ^ source.liquidsoap meta.function-call.liquidsoap
>
>  if success() then test.pass() else test.fail() end
#^^ source.liquidsoap
#  ^^ source.liquidsoap keyword.control.liquidsoap
#    ^ source.liquidsoap
#     ^^^^^^^ source.liquidsoap meta.function-call.liquidsoap entity.name.function.liquidsoap
#            ^ source.liquidsoap meta.function-call.liquidsoap
#             ^ source.liquidsoap meta.function-call.liquidsoap
#              ^ source.liquidsoap
#               ^^^^ source.liquidsoap keyword.control.liquidsoap
#                   ^ source.liquidsoap
#                    ^^^^ source.liquidsoap variable.liquidsoap
#                        ^ source.liquidsoap meta.function-call.liquidsoap
#                         ^^^^ source.liquidsoap meta.function-call.liquidsoap entity.name.function.liquidsoap
#                             ^ source.liquidsoap meta.function-call.liquidsoap
#                              ^ source.liquidsoap meta.function-call.liquidsoap
#                               ^ source.liquidsoap
#                                ^^^^ source.liquidsoap keyword.control.liquidsoap
#                                    ^ source.liquidsoap
#                                     ^^^^ source.liquidsoap variable.liquidsoap
#                                         ^ source.liquidsoap meta.function-call.liquidsoap
#                                          ^^^^ source.liquidsoap meta.function-call.liquidsoap entity.name.function.liquidsoap
#                                              ^ source.liquidsoap meta.function-call.liquidsoap
#                                               ^ source.liquidsoap meta.function-call.liquidsoap
#                                                ^ source.liquidsoap
#                                                 ^^^ source.liquidsoap keyword.control.liquidsoap
>end
#^^^ source.liquidsoap keyword.other.function.end.liquidsoap
>
>test.check(f)
#^^^^ source.liquidsoap variable.liquidsoap
#    ^ source.liquidsoap meta.function-call.liquidsoap
#     ^^^^^ source.liquidsoap meta.function-call.liquidsoap entity.name.function.liquidsoap
#          ^ source.liquidsoap meta.function-call.liquidsoap
#           ^ source.liquidsoap meta.function-call.liquidsoap variable.liquidsoap
#            ^ source.liquidsoap meta.function-call.liquidsoap
>