>success = ref(true)
#^^^^^^^ source.liquidsoap variable.other.binding.liquidsoap
#       ^^ source.liquidsoap
#         ^ source.liquidsoap
#          ^^^ source.liquidsoap meta.function-call.liquidsoap entity.name.function.liquidsoap
#             ^ source.liquidsoap meta.function-call.liquidsoap
#              ^^^^ source.liquidsoap meta.function-call.liquidsoap constant.language.boolean.liquidsoap
#                  ^ source.liquidsoap meta.function-call.liquidsoap
>
>def t(x, y)
#^^^ source.liquidsoap keyword.other.function.definition.liquidsoap
#   ^ source.liquidsoap
#    ^ source.liquidsoap entity.name.function.binding.liquidsoap
#     ^ source.liquidsoap
#      ^ source.liquidsoap variable.liquidsoap
#       ^ source.liquidsoap keyword.other.liquidsoap punctuation.comma punctuation.separator.comma
#        ^ source.liquidsoap
#         ^ source.liquidsoap variable.liquidsoap
#          ^ source.liquidsoap
>  if x != y then
#^^ source.liquidsoap
#  ^^ source.liquidsoap keyword.control.liquidsoap
#    ^ source.liquidsoap
#     ^ source.liquidsoap variable.liquidsoap
#      ^ source.liquidsoap
#       ^^ source.liquidsoap keyword.operator.compare.liquidsoap
#         ^ source.liquidsoap
#          ^ source.liquidsoap variable.liquidsoap
#           ^ source.liquidsoap
#            ^^^^ source.liquidsoap keyword.control.liquidsoap
>    print("Failure: got #{x} instead of #{y}")
#^^^^ source.liquidsoap
#    ^^^^^ source.liquidsoap meta.function-call.liquidsoap entity.name.function.liquidsoap
#         ^ source.liquidsoap meta.function-call.liquidsoap
#          ^ source.liquidsoap meta.function-call.liquidsoap string.quoted.double.liquidsoap
#           ^^^^^^^^^^^^^ source.liquidsoap meta.function-call.liquidsoap string.quoted.double.liquidsoap
#                        ^^ source.liquidsoap meta.function-call.liquidsoap string.quoted.double.liquidsoap meta.interpolation.liquidsoap punctuation.section.interpolation.begin.liquidsoap
#                          ^ source.liquidsoap meta.function-call.liquidsoap string.quoted.double.liquidsoap meta.interpolation.liquidsoap meta.embedded.line.liquidsoap variable.liquidsoap
#                           ^ source.liquidsoap meta.function-call.liquidsoap string.quoted.double.liquidsoap meta.interpolation.liquidsoap punctuation.section.interpolation.end.liquidsoap
#                            ^^^^^^^^^^^^ source.liquidsoap meta.function-call.liquidsoap string.quoted.double.liquidsoap
#                                        ^^ source.liquidsoap meta.function-call.liquidsoap string.quoted.double.liquidsoap meta.interpolation.liquidsoap punctuation.section.interpolation.begin.liquidsoap
#                                          ^ source.liquidsoap meta.function-call.liquidsoap string.quoted.double.liquidsoap meta.interpolation.liquidsoap meta.embedded.line.liquidsoap variable.liquidsoap
#                                           ^ source.liquidsoap meta.function-call.liquidsoap string.quoted.double.liquidsoap meta.interpolation.liquidsoap punctuation.section.interpolation.end.liquidsoap
#                                            ^ source.liquidsoap meta.function-call.liquidsoap string.quoted.double.liquidsoap
#                                             ^ source.liquidsoap meta.function-call.liquidsoap
>    success := false
#^^^^ source.liquidsoap
#    ^^^^^^^ source.liquidsoap variable.liquidsoap
#           ^ source.liquidsoap
#            ^^ source.liquidsoap keyword.operator.set.liquidsoap
#              ^ source.liquidsoap
#               ^^^^^ source.liquidsoap constant.language.boolean.liquidsoap
>  end
#^^ source.liquidsoap
#  ^^^ source.liquidsoap keyword.control.liquidsoap
>end
#^^^ source.liquidsoap keyword.other.function.end.liquidsoap
>
>epsilon = 0.000000001
#^^^^^^^ source.liquidsoap variable.other.binding.liquidsoap
#       ^^ source.liquidsoap
#         ^ source.liquidsoap
#          ^^^^^^^^^^^ source.liquidsoap constant.numeric.decimal.float.liquidsoap
>
>def f() =
#^^^ source.liquidsoap keyword.other.function.definition.liquidsoap
#   ^ source.liquidsoap
#    ^ source.liquidsoap entity.name.function.binding.liquidsoap
#     ^ source.liquidsoap
#      ^ source.liquidsoap
#       ^^ source.liquidsoap
>  x = 5.
#^^ source.liquidsoap
#  ^ source.liquidsoap variable.other.binding.liquidsoap
#   ^^ source.liquidsoap
#     ^ source.liquidsoap
#      ^ source.liquidsoap constant.numeric.decimal.integer.liquidsoap
#       ^^ source.liquidsoap
>  if abs(dB_of_lin(lin_of_dB(x))-x) >= epsilon then success := false end
#^^ source.liquidsoap
#  ^^ source.liquidsoap keyword.control.liquidsoap
#    ^ source.liquidsoap
#     ^^^ source.liquidsoap meta.function-call.liquidsoap entity.name.function.liquidsoap
#        ^ source.liquidsoap meta.function-call.liquidsoap
#         ^^^^^^^^^ source.liquidsoap meta.function-call.liquidsoap meta.function-call.liquidsoap entity.name.function.liquidsoap
#                  ^ source.liquidsoap meta.function-call.liquidsoap meta.function-call.liquidsoap
#                   ^^^^^^^^^ source.liquidsoap meta.function-call.liquidsoap meta.function-call.liquidsoap meta.function-call.liquidsoap entity.name.function.liquidsoap
#                            ^ source.liquidsoap meta.function-call.liquidsoap meta.function-call.liquidsoap meta.function-call.liquidsoap
#                             ^ source.liquidsoap meta.function-call.liquidsoap meta.function-call.liquidsoap meta.function-call.liquidsoap variable.liquidsoap
#                              ^ source.liquidsoap meta.function-call.liquidsoap meta.function-call.liquidsoap meta.function-call.liquidsoap
#                               ^ source.liquidsoap meta.function-call.liquidsoap meta.function-call.liquidsoap
#                                ^ source.liquidsoap meta.function-call.liquidsoap keyword.operator.arithmetic.liquidsoap
#                                 ^ source.liquidsoap meta.function-call.liquidsoap variable.liquidsoap
#                                  ^ source.liquidsoap meta.function-call.liquidsoap
#                                   ^ source.liquidsoap
#                                    ^^ source.liquidsoap keyword.operator.compare.liquidsoap
#                                      ^ source.liquidsoap
#                                       ^^^^^^^ source.liquidsoap variable.liquidsoap
#                                              ^ source.liquidsoap
#                                               ^^^^ source.liquidsoap keyword.control.liquidsoap
#                                                   ^ source.liquidsoap
#                                                    ^^^^^^^ source.liquidsoap variable.liquidsoap
#                                                           ^ source.liquidsoap
#                                                            ^^ source.liquidsoap keyword.operator.set.liquidsoap
#                                                              ^ source.liquidsoap
#                                                               ^^^^^ source.liquidsoap constant.language.boolean.liquidsoap
#                                                                    ^ source.liquidsoap
#                                                                     ^^^ source.liquidsoap keyword.control.liquidsoap
>  if abs(lin_of_dB(dB_of_lin(x))-x) >= epsilon then success := false end
#^^ source.liquidsoap
#  ^^ source.liquidsoap keyword.control.liquidsoap
#    ^ source.liquidsoap
#     ^^^ source.liquidsoap meta.function-call.liquidsoap entity.name.function.liquidsoap
#        ^ source.liquidsoap meta.function-call.liquidsoap
#         ^^^^^^^^^ source.liquidsoap meta.function-call.liquidsoap meta.function-call.liquidsoap entity.name.function.liquidsoap
#                  ^ source.liquidsoap meta.function-call.liquidsoap meta.function-call.liquidsoap
#                   ^^^^^^^^^ source.liquidsoap meta.function-call.liquidsoap meta.function-call.liquidsoap meta.function-call.liquidsoap entity.name.function.liquidsoap
#                            ^ source.liquidsoap meta.function-call.liquidsoap meta.function-call.liquidsoap meta.function-call.liquidsoap
#                             ^ source.liquidsoap meta.function-call.liquidsoap meta.function-call.liquidsoap meta.function-call.liquidsoap variable.liquidsoap
#                              ^ source.liquidsoap meta.function-call.liquidsoap meta.function-call.liquidsoap meta.function-call.liquidsoap
#                               ^ source.liquidsoap meta.function-call.liquidsoap meta.function-call.liquidsoap
#                                ^ source.liquidsoap meta.function-call.liquidsoap keyword.operator.arithmetic.liquidsoap
#                                 ^ source.liquidsoap meta.function-call.liquidsoap variable.liquidsoap
#                                  ^ source.liquidsoap meta.function-call.liquidsoap
#                                   ^ source.liquidsoap
#                                    ^^ source.liquidsoap keyword.operator.compare.liquidsoap
#                                      ^ source.liquidsoap
#                                       ^^^^^^^ source.liquidsoap variable.liquidsoap
#                                              ^ source.liquidsoap
#                                               ^^^^ source.liquidsoap keyword.control.liquidsoap
#                                                   ^ source.liquidsoap
#                                                    ^^^^^^^ source.liquidsoap variable.liquidsoap
#                                                           ^ source.liquidsoap
#                                                            ^^ source.liquidsoap keyword.operator.set.liquidsoap
#                                                              ^ source.liquidsoap
#                                                               ^^^^^ source.liquidsoap constant.language.boolean.liquidsoap
#                                                                    ^ source.liquidsoap
#                                                                     ^^^ source.liquidsoap keyword.control.liquidsoap
>
>  if !success then test.pass() else test.fail() end
#^^ source.liquidsoap
#  ^^ source.liquidsoap keyword.control.liquidsoap
#    ^ source.liquidsoap
#     ^ source.liquidsoap keyword.operator.dereference.liquidsoap
#      ^^^^^^^ source.liquidsoap variable.liquidsoap
#             ^ source.liquidsoap
#              ^^^^ source.liquidsoap keyword.control.liquidsoap
#                  ^ source.liquidsoap
#                   ^^^^ source.liquidsoap variable.liquidsoap
#                       ^ source.liquidsoap meta.function-call.liquidsoap
#                        ^^^^ source.liquidsoap meta.function-call.liquidsoap entity.name.function.liquidsoap
#                            ^ source.liquidsoap meta.function-call.liquidsoap
#                             ^ source.liquidsoap meta.function-call.liquidsoap
#                              ^ source.liquidsoap
#                               ^^^^ source.liquidsoap keyword.control.liquidsoap
#                                   ^ source.liquidsoap
#                                    ^^^^ source.liquidsoap variable.liquidsoap
#                                        ^ source.liquidsoap meta.function-call.liquidsoap
#                                         ^^^^ source.liquidsoap meta.function-call.liquidsoap entity.name.function.liquidsoap
#                                             ^ source.liquidsoap meta.function-call.liquidsoap
#                                              ^ source.liquidsoap meta.function-call.liquidsoap
#                                               ^ source.liquidsoap
#                                                ^^^ source.liquidsoap keyword.control.liquidsoap
>end
#^^^ source.liquidsoap keyword.other.function.end.liquidsoap
>
>test.check(f)
#^^^^ source.liquidsoap variable.liquidsoap
#    ^ source.liquidsoap meta.function-call.liquidsoap
#     ^^^^^ source.liquidsoap meta.function-call.liquidsoap entity.name.function.liquidsoap
#          ^ source.liquidsoap meta.function-call.liquidsoap
#           ^ source.liquidsoap meta.function-call.liquidsoap variable.liquidsoap
#            ^ source.liquidsoap meta.function-call.liquidsoap
>